Component: ARM Compiler 5.06 (build 20) Tool: armlink [4d35a3]

==============================================================================

Section Cross References

    startup_stm32f429_439xx.o(RESET) refers to startup_stm32f429_439xx.o(STACK) for __initial_sp
    startup_stm32f429_439xx.o(RESET) refers to startup_stm32f429_439xx.o(.text) for Reset_Handler
    startup_stm32f429_439xx.o(RESET) refers to stm32f4xx_it.o(.text) for NMI_Handler
    startup_stm32f429_439xx.o(RESET) refers to tm_stm32f4_rtc.o(.text) for RTC_WKUP_IRQHandler
    startup_stm32f429_439xx.o(RESET) refers to tm_stm32f4_usart.o(.text) for USART1_IRQHandler
    startup_stm32f429_439xx.o(RESET) refers to tm_stm32f4_emwin.o(.text) for LTDC_IRQHandler
    startup_stm32f429_439xx.o(.text) refers to system_stm32f4xx.o(.text) for SystemInit
    startup_stm32f429_439xx.o(.text) refers to entry.o(.ARM.Collect$$$$00000000) for __main
    stm32f4xx_rcc.o(.text) refers to stm32f4xx_rcc.o(.data) for .data
    stm32f4xx_gpio.o(.text) refers to stm32f4xx_rcc.o(.text) for RCC_AHB1PeriphResetCmd
    stm32f4xx_adc.o(.text) refers to stm32f4xx_rcc.o(.text) for RCC_APB2PeriphResetCmd
    stm32f4xx_can.o(.text) refers to stm32f4xx_rcc.o(.text) for RCC_APB1PeriphResetCmd
    stm32f4xx_cryp.o(.text) refers to stm32f4xx_rcc.o(.text) for RCC_AHB2PeriphResetCmd
    stm32f4xx_cryp_aes.o(.text) refers to stm32f4xx_cryp.o(.text) for CRYP_KeyStructInit
    stm32f4xx_cryp_des.o(.text) refers to stm32f4xx_cryp.o(.text) for CRYP_KeyStructInit
    stm32f4xx_cryp_tdes.o(.text) refers to stm32f4xx_cryp.o(.text) for CRYP_KeyStructInit
    stm32f4xx_dac.o(.text) refers to stm32f4xx_rcc.o(.text) for RCC_APB1PeriphResetCmd
    stm32f4xx_dma2d.o(.text) refers to stm32f4xx_rcc.o(.text) for RCC_AHB1PeriphResetCmd
    stm32f4xx_fmc.o(.text) refers to stm32f4xx_fmc.o(.constdata) for .constdata
    stm32f4xx_hash.o(.text) refers to stm32f4xx_rcc.o(.text) for RCC_AHB2PeriphResetCmd
    stm32f4xx_hash_md5.o(.text) refers to stm32f4xx_hash.o(.text) for HASH_DeInit
    stm32f4xx_hash_sha1.o(.text) refers to stm32f4xx_hash.o(.text) for HASH_DeInit
    stm32f4xx_i2c.o(.text) refers to stm32f4xx_rcc.o(.text) for RCC_APB1PeriphResetCmd
    stm32f4xx_ltdc.o(.text) refers to stm32f4xx_rcc.o(.text) for RCC_APB2PeriphResetCmd
    stm32f4xx_pwr.o(.text) refers to stm32f4xx_rcc.o(.text) for RCC_APB1PeriphResetCmd
    stm32f4xx_rng.o(.text) refers to stm32f4xx_rcc.o(.text) for RCC_AHB2PeriphResetCmd
    stm32f4xx_sai.o(.text) refers to stm32f4xx_rcc.o(.text) for RCC_APB2PeriphResetCmd
    stm32f4xx_sdio.o(.text) refers to stm32f4xx_rcc.o(.text) for RCC_APB2PeriphResetCmd
    stm32f4xx_spi.o(.text) refers to stm32f4xx_rcc.o(.text) for RCC_APB1PeriphResetCmd
    stm32f4xx_syscfg.o(.text) refers to stm32f4xx_rcc.o(.text) for RCC_APB2PeriphResetCmd
    stm32f4xx_tim.o(.text) refers to stm32f4xx_rcc.o(.text) for RCC_APB2PeriphResetCmd
    stm32f4xx_usart.o(.text) refers to stm32f4xx_rcc.o(.text) for RCC_APB2PeriphResetCmd
    stm32f4xx_wwdg.o(.text) refers to stm32f4xx_rcc.o(.text) for RCC_APB1PeriphResetCmd
    tm_stm32f4_delay.o(.text) refers (Weak) to gui_screens.o(.text) for TM_DELAY_1msHandler
    tm_stm32f4_delay.o(.text) refers to malloc.o(i.malloc) for malloc
    tm_stm32f4_delay.o(.text) refers to malloc.o(i.free) for free
    tm_stm32f4_delay.o(.text) refers to tm_stm32f4_delay.o(.data) for .data
    tm_stm32f4_delay.o(.text) refers to tm_stm32f4_delay.o(.bss) for .bss
    tm_stm32f4_delay.o(.text) refers to system_stm32f4xx.o(.data) for SystemCoreClock
    tm_stm32f4_disco.o(.text) refers to tm_stm32f4_gpio.o(.text) for TM_GPIO_Init
    tm_stm32f4_disco.o(.text) refers to tm_stm32f4_disco.o(.data) for .data
    tm_stm32f4_gpio.o(.text) refers to tm_stm32f4_gpio.o(.bss) for .bss
    tm_stm32f4_emwin.o(.text) refers to stm32f4xx_rcc.o(.text) for RCC_AHB1PeriphClockCmd
    tm_stm32f4_emwin.o(.text) refers to tm_stm32f4_delay.o(.text) for TM_DELAY_Init
    tm_stm32f4_emwin.o(.text) refers to tm_stm32f4_ili9341_ltdc.o(.text) for TM_ILI9341_Init
    tm_stm32f4_emwin.o(.text) refers to tm_stm32f4_stmpe811.o(.text) for TM_STMPE811_Init
    tm_stm32f4_emwin.o(.text) refers to gui_core.o(i.GUI_Init) for GUI_Init
    tm_stm32f4_emwin.o(.text) refers to gui_exec.o(i.GUI_Exec) for GUI_Exec
    tm_stm32f4_emwin.o(.text) refers to gui_touch.o(i.GUI_TOUCH_StoreStateEx) for GUI_TOUCH_StoreStateEx
    tm_stm32f4_emwin.o(.text) refers to guidrv_stm32f429i_discovery.o(.text) for LTDC_ISR_Handler
    tm_stm32f4_emwin.o(.text) refers to tm_stm32f4_emwin.o(.data) for .data
    tm_stm32f4_emwin.o(.text) refers to tm_stm32f4_emwin.o(.bss) for .bss
    tm_stm32f4_fonts.o(.text) refers to strlen.o(.text) for strlen
    tm_stm32f4_fonts.o(.data) refers to tm_stm32f4_fonts.o(.constdata) for TM_Font7x10
    tm_stm32f4_fonts.o(.data) refers to tm_stm32f4_fonts.o(.constdata) for TM_Font11x18
    tm_stm32f4_fonts.o(.data) refers to tm_stm32f4_fonts.o(.constdata) for TM_Font16x26
[...]
    0x0800f4fc   0x0000000e   Code   RO         3457    i._Color2IndexBulk  STemWin522_CM4_Keil.lib(guicc_8888.o)
    0x0800f50a   0x00000002   PAD
    0x0800f50c   0x00000044   Code   RO         1863    i._Color2IndexBulk_1616I  STemWin522_CM4_Keil.lib(guicc_1616i.o)
    0x0800f550   0x0000003c   Code   RO         1881    i._Color2IndexBulk_88666I  STemWin522_CM4_Keil.lib(guicc_88666i.o)
    0x0800f58c   0x0000005c   Code   RO         1893    i._Color2IndexBulk_M1555I  STemWin522_CM4_Keil.lib(guicc_m1555i.o)
    0x0800f5e8   0x00000058   Code   RO         1907    i._Color2IndexBulk_M4444I  STemWin522_CM4_Keil.lib(guicc_m4444i.o)
    0x0800f640   0x00000044   Code   RO         1933    i._Color2IndexBulk_M8888I  STemWin522_CM4_Keil.lib(guicc_m8888i.o)
    0x0800f684   0x00000054   Code   RO         2857    i._Color2Index_0    STemWin522_CM4_Keil.lib(guicc_0.o)
    0x0800f6d8   0x00000072   Code   RO         2721    i._Color2Index_16   STemWin522_CM4_Keil.lib(guicc_16.o)
    0x0800f74a   0x00000002   PAD
    0x0800f74c   0x00000028   Code   RO         1864    i._Color2Index_1616I  STemWin522_CM4_Keil.lib(guicc_1616i.o)
    0x0800f774   0x00000024   Code   RO         1882    i._Color2Index_88666I  STemWin522_CM4_Keil.lib(guicc_88666i.o)
    0x0800f798   0x00000002   Code   RO         3458    i._Color2Index_8888  STemWin522_CM4_Keil.lib(guicc_8888.o)
    0x0800f79a   0x00000002   PAD
    0x0800f79c   0x00000038   Code   RO         1894    i._Color2Index_M1555I  STemWin522_CM4_Keil.lib(guicc_m1555i.o)
    0x0800f7d4   0x0000003a   Code   RO         1908    i._Color2Index_M4444I  STemWin522_CM4_Keil.lib(guicc_m4444i.o)
    0x0800f80e   0x00000002   PAD
    0x0800f810   0x0000002c   Code   RO         1922    i._Color2Index_M565  STemWin522_CM4_Keil.lib(guicc_m565.o)
    0x0800f83c   0x00000014   Code   RO         2160    i._Color2Index_M888  STemWin522_CM4_Keil.lib(guicc_m888.o)
    0x0800f850   0x00000020   Code   RO         1934    i._Color2Index_M8888I  STemWin522_CM4_Keil.lib(guicc_m8888i.o)
    0x0800f870   0x0000003e   Code   RO         3645    i._Convert16        STemWin522_CM4_Keil.lib(guidev_writetoactiveopaque.o)
    0x0800f8ae   0x00000050   Code   RO         2351    i._CopyBuffer       STemWin522_CM4_Keil.lib(guidrv_lin_16.o)
    0x0800f8fe   0x00000002   Code   RO         3077    i._Create           STemWin522_CM4_Keil.lib(button_skinclassic.o)
    0x0800f900   0x00000002   Code   RO         3086    i._Create           STemWin522_CM4_Keil.lib(progbar_skinclassic.o)
    0x0800f902   0x00000098   Code   RO         3807    i._CreateBuffer     STemWin522_CM4_Keil.lib(gui_sprite.o)
    0x0800f99a   0x00000002   PAD
    0x0800f99c   0x00000120   Code   RO         3062    i._CreateStaticDevice  STemWin522_CM4_Keil.lib(guidev_staticdevices.o)
    0x0800fabc   0x00000014   Code   RO         2796    i._DecPointer       STemWin522_CM4_Keil.lib(gui_pid.o)
    0x0800fad0   0x00000012   Code   RO         2647    i._DeleteAllChildren  STemWin522_CM4_Keil.lib(wm.o)
    0x0800fae2   0x00000002   PAD
    0x0800fae4   0x00000020   Code   RO         2648    i._DesktopHandle2Index  STemWin522_CM4_Keil.lib(wm.o)
    0x0800fb04   0x00000074   Code   RO         3259    i._DispLine         STemWin522_CM4_Keil.lib(gui_charline.o)
    0x0800fb78   0x000000f0   Code   RO         2352    i._DrawBitLine1BPP  STemWin522_CM4_Keil.lib(guidrv_lin_16.o)
    0x0800fc68   0x00000140   Code   RO         3014    i._DrawBitLine1BPP  STemWin522_CM4_Keil.lib(guidev_16.o)
    0x0800fda8   0x00000114   Code   RO         3568    i._DrawBitLine1BPP  STemWin522_CM4_Keil.lib(guidev_32.o)
    0x0800febc   0x00000114   Code   RO         2353    i._DrawBitLine2BPP  STemWin522_CM4_Keil.lib(guidrv_lin_16.o)
    0x0800ffd0   0x000000e0   Code   RO         3015    i._DrawBitLine2BPP  STemWin522_CM4_Keil.lib(guidev_16.o)
    0x080100b0   0x000000e0   Code   RO         3569    i._DrawBitLine2BPP  STemWin522_CM4_Keil.lib(guidev_32.o)
    0x08010190   0x00000088   Code   RO         3570    i._DrawBitLine32BPP_DDB  STemWin522_CM4_Keil.lib(guidev_32.o)
    0x08010218   0x00000114   Code   RO         2354    i._DrawBitLine4BPP  STemWin522_CM4_Keil.lib(guidrv_lin_16.o)
    0x0801032c   0x00000158   Code   RO         3016    i._DrawBitLine4BPP  STemWin522_CM4_Keil.lib(guidev_16.o)
    0x08010484   0x00000158   Code   RO         3571    i._DrawBitLine4BPP  STemWin522_CM4_Keil.lib(guidev_32.o)
    0x080105dc   0x000000d4   Code   RO         2355    i._DrawBitLine8BPP  STemWin522_CM4_Keil.lib(guidrv_lin_16.o)
    0x080106b0   0x00000168   Code   RO         2356    i._DrawBitmap       STemWin522_CM4_Keil.lib(guidrv_lin_16.o)
    0x08010818   0x000002b0   Code   RO         3017    i._DrawBitmap       STemWin522_CM4_Keil.lib(guidev_16.o)
    0x08010ac8   0x00000294   Code   RO         3572    i._DrawBitmap       STemWin522_CM4_Keil.lib(guidev_32.o)
    0x08010d5c   0x00000002   Code   RO         3146    i._DrawDown         STemWin522_CM4_Keil.lib(widget_effect_none.o)
    0x08010d5e   0x00000010   Code   RO         3680    i._DrawDown         STemWin522_CM4_Keil.lib(widget_effect_3d.o)
    0x08010d6e   0x00000002   Code   RO         3147    i._DrawDownRect     STemWin522_CM4_Keil.lib(widget_effect_none.o)
    0x08010d70   0x00000094   Code   RO         3681    i._DrawDownRect     STemWin522_CM4_Keil.lib(widget_effect_3d.o)
    0x08010e04   0x00000002   Code   RO         3148    i._DrawFlat         STemWin522_CM4_Keil.lib(widget_effect_none.o)
    0x08010e06   0x0000000a   Code   RO         2357    i._DrawHLine        STemWin522_CM4_Keil.lib(guidrv_lin_16.o)
    0x08010e10   0x0000000a   Code   RO         3018    i._DrawHLine        STemWin522_CM4_Keil.lib(guidev_16.o)
    0x08010e1a   0x0000000a   Code   RO         3573    i._DrawHLine        STemWin522_CM4_Keil.lib(guidev_32.o)
    0x08010e24   0x0000005c   Code   RO         2649    i._DrawNext         STemWin522_CM4_Keil.lib(wm.o)
    0x08010e80   0x00000038   Code   RO         3087    i._DrawPart         STemWin522_CM4_Keil.lib(progbar_skinclassic.o)
    0x08010eb8   0x00000002   Code   RO         3149    i._DrawUp           STemWin522_CM4_Keil.lib(widget_effect_none.o)
    0x08010eba   0x00000002   Code   RO         3150    i._DrawUpRect       STemWin522_CM4_Keil.lib(widget_effect_none.o)
    0x08010ebc   0x00000068   Code   RO         3682    i._DrawUpRect       STemWin522_CM4_Keil.lib(widget_effect_3d.o)
    0x08010f24   0x0000000c   Code   RO         2358    i._DrawVLine        STemWin522_CM4_Keil.lib(guidrv_lin_16.o)
    0x08010f30   0x000000b8   Code   RO         3019    i._DrawVLine        STemWin522_CM4_Keil.lib(guidev_16.o)
    0x08010fe8   0x000000ac   Code   RO         3574    i._DrawVLine        STemWin522_CM4_Keil.lib(guidev_32.o)
    0x08011094   0x00000056   Code   RO         3119    i._EffectRequiresRedraw  STemWin522_CM4_Keil.lib(widget.o)
    0x080110ea   0x00000006   Code   RO         2833    i._Encode           STemWin522_CM4_Keil.lib(gui_uc_encodenone.o)
    0x080110f0   0x00000094   Code   RO         1991    i._EnlargeBlocks    STemWin522_CM4_Keil.lib(gui_alloc.o)
    0x08011184   0x00000070   Code   RO         2650    i._Exec1Input       STemWin522_CM4_Keil.lib(wm.o)
    0x080111f4   0x00000028   Code   RO         2359    i._FillRect         STemWin522_CM4_Keil.lib(guidrv_lin_16.o)
    0x0801121c   0x000000ac   Code   RO         3020    i._FillRect         STemWin522_CM4_Keil.lib(guidev_16.o)
    0x080112c8   0x000000a4   Code   RO         3575    i._FillRect         STemWin522_CM4_Keil.lib(guidev_32.o)
    0x0801136c   0x00000148   Code   RO         2360    i._FillRectOpt16    STemWin522_CM4_Keil.lib(guidrv_lin_16.o)
    0x080114b4   0x00000148   Code   RO         2651    i._FindNext_IVR     STemWin522_CM4_Keil.lib(wm.o)
    0x080115fc   0x0000007c   Code   RO         2652    i._Findx0           STemWin522_CM4_Keil.lib(wm.o)
    0x08011678   0x00000072   Code   RO         2653    i._Findx1           STemWin522_CM4_Keil.lib(wm.o)
    0x080116ea   0x000000a2   Code   RO         2654    i._Findy1           STemWin522_CM4_Keil.lib(wm.o)
    0x0801178c   0x00000074   Code   RO         3813    i._FlushBuffer      STemWin522_CM4_Keil.lib(gui_sprite.o)
    0x08011800   0x00000004   Code   RO         3632    i._GUI_USAGE_BM_Delete  STemWin522_CM4_Keil.lib(guidev_usagebm.o)
    0x08011804   0x0000006c   Code   RO         3814    i._GetBkPixel       STemWin522_CM4_Keil.lib(gui_sprite.o)
    0x08011870   0x00000004   Code   RO         2834    i._GetCharCode      STemWin522_CM4_Keil.lib(gui_uc_encodenone.o)
    0x08011874   0x00000004   Code   RO         2835    i._GetCharSize      STemWin522_CM4_Keil.lib(gui_uc_encodenone.o)
    0x08011878   0x00000010   Code   RO         2361    i._GetDevData       STemWin522_CM4_Keil.lib(guidrv_lin_16.o)
    0x08011888   0x00000010   Code   RO         3021    i._GetDevData       STemWin522_CM4_Keil.lib(guidev_16.o)
    0x08011898   0x00000010   Code   RO         3576    i._GetDevData       STemWin522_CM4_Keil.lib(guidev_32.o)
    0x080118a8   0x000000dc   Code   RO         2362    i._GetDevFunc       STemWin522_CM4_Keil.lib(guidrv_lin_16.o)
    0x08011984   0x00000010   Code   RO         3022    i._GetDevFunc       STemWin522_CM4_Keil.lib(guidev_16.o)
    0x08011994   0x00000010   Code   RO         3577    i._GetDevFunc       STemWin522_CM4_Keil.lib(guidev_32.o)
    0x080119a4   0x0000001e   Code   RO         2260    i._GetDevProp       STemWin522_CM4_Keil.lib(lcd_getex.o)
    0x080119c2   0x0000003c   Code   RO         2363    i._GetDevProp       STemWin522_CM4_Keil.lib(guidrv_lin_16.o)
    0x080119fe   0x00000008   Code   RO         3023    i._GetDevProp       STemWin522_CM4_Keil.lib(guidev_16.o)
    0x08011a06   0x0000000c   Code   RO         3578    i._GetDevProp       STemWin522_CM4_Keil.lib(guidev_32.o)
    0x08011a12   0x00000052   Code   RO         2858    i._GetIndexMask_0   STemWin522_CM4_Keil.lib(guicc_0.o)
    0x08011a64   0x00000004   Code   RO         2722    i._GetIndexMask_16  STemWin522_CM4_Keil.lib(guicc_16.o)
    0x08011a68   0x00000004   Code   RO         1865    i._GetIndexMask_1616I  STemWin522_CM4_Keil.lib(guicc_1616i.o)
    0x08011a6c   0x00000004   Code   RO         1876    i._GetIndexMask_8666  STemWin522_CM4_Keil.lib(guicc_8666.o)
    0x08011a70   0x00000006   Code   RO         1883    i._GetIndexMask_88666I  STemWin522_CM4_Keil.lib(guicc_88666i.o)
    0x08011a76   0x00000006   Code   RO         3459    i._GetIndexMask_8888  STemWin522_CM4_Keil.lib(guicc_8888.o)
    0x08011a7c   0x00000006   Code   RO         1895    i._GetIndexMask_M1555I  STemWin522_CM4_Keil.lib(guicc_m1555i.o)
    0x08011a82   0x00000006   Code   RO         1909    i._GetIndexMask_M4444I  STemWin522_CM4_Keil.lib(guicc_m4444i.o)
    0x08011a88   0x00000006   Code   RO         1923    i._GetIndexMask_M565  STemWin522_CM4_Keil.lib(guicc_m565.o)
    0x08011a8e   0x00000006   Code   RO         2161    i._GetIndexMask_M888  STemWin522_CM4_Keil.lib(guicc_m888.o)
    0x08011a94   0x00000006   Code   RO         1935    i._GetIndexMask_M8888I  STemWin522_CM4_Keil.lib(guicc_m8888i.o)
    0x08011a9a   0x0000001e   Code   RO         2261    i._GetMaxValue      STemWin522_CM4_Keil.lib(lcd_getex.o)
    0x08011ab8   0x0000001c   Code   RO         1992    i._GetMinIndex      STemWin522_CM4_Keil.lib(gui_alloc.o)
    0x08011ad4   0x00000010   Code   RO         2364    i._GetPixelIndex    STemWin522_CM4_Keil.lib(guidrv_lin_16.o)
    0x08011ae4   0x0000000e   Code   RO         3024    i._GetPixelIndex    STemWin522_CM4_Keil.lib(guidev_16.o)
    0x08011af2   0x0000000e   Code   RO         3579    i._GetPixelIndex    STemWin522_CM4_Keil.lib(guidev_32.o)
    0x08011b00   0x0000001c   Code   RO         2365    i._GetPos           STemWin522_CM4_Keil.lib(guidrv_lin_16.o)
    0x08011b1c   0x00000016   Code   RO         2366    i._GetRect          STemWin522_CM4_Keil.lib(guidrv_lin_16.o)
    0x08011b32   0x00000030   Code   RO         3025    i._GetRect          STemWin522_CM4_Keil.lib(guidev_16.o)
    0x08011b62   0x00000030   Code   RO         3580    i._GetRect          STemWin522_CM4_Keil.lib(guidev_32.o)
    0x08011b92   0x00000002   PAD
    0x08011b94   0x00000010   Code   RO         2780    i._GotoX            STemWin522_CM4_Keil.lib(gui_goto.o)
    0x08011ba4   0x00000010   Code   RO         2781    i._GotoY            STemWin522_CM4_Keil.lib(gui_goto.o)
    0x08011bb4   0x0000001c   Code   RO         2123    i._IncPointer       STemWin522_CM4_Keil.lib(gui_onkey.o)
    0x08011bd0   0x00000014   Code   RO         2797    i._IncPointer       STemWin522_CM4_Keil.lib(gui_pid.o)
    0x08011be4   0x00000006   Code   RO         2124    i._IncReadPointer   STemWin522_CM4_Keil.lib(gui_onkey.o)
    0x08011bea   0x00000002   PAD
    0x08011bec   0x00000058   Code   RO         1924    i._Index2ColorBulk  STemWin522_CM4_Keil.lib(guicc_m565.o)
    0x08011c44   0x00000034   Code   RO         2162    i._Index2ColorBulk  STemWin522_CM4_Keil.lib(guicc_m888.o)
    0x08011c78   0x0000000e   Code   RO         3460    i._Index2ColorBulk  STemWin522_CM4_Keil.lib(guicc_8888.o)
    0x08011c86   0x00000002   PAD
    0x08011c88   0x0000004c   Code   RO         1866    i._Index2ColorBulk_1616I  STemWin522_CM4_Keil.lib(guicc_1616i.o)
    0x08011cd4   0x00000044   Code   RO         1884    i._Index2ColorBulk_88666I  STemWin522_CM4_Keil.lib(guicc_88666i.o)
    0x08011d18   0x0000005c   Code   RO         1896    i._Index2ColorBulk_M1555I  STemWin522_CM4_Keil.lib(guicc_m1555i.o)
    0x08011d74   0x0000005c   Code   RO         1910    i._Index2ColorBulk_M4444I  STemWin522_CM4_Keil.lib(guicc_m4444i.o)
    0x08011dd0   0x00000044   Code   RO         1936    i._Index2ColorBulk_M8888I  STemWin522_CM4_Keil.lib(guicc_m8888i.o)
    0x08011e14   0x00000020   Code   RO         2859    i._Index2Color_0    STemWin522_CM4_Keil.lib(guicc_0.o)
    0x08011e34   0x00000036   Code   RO         2723    i._Index2Color_16   STemWin522_CM4_Keil.lib(guicc_16.o)
    0x08011e6a   0x00000002   PAD
    0x08011e6c   0x00000028   Code   RO         1867    i._Index2Color_1616I  STemWin522_CM4_Keil.lib(guicc_1616i.o)
    0x08011e94   0x00000020   Code   RO         1885    i._Index2Color_88666I  STemWin522_CM4_Keil.lib(guicc_88666i.o)
    0x08011eb4   0x00000030   Code   RO         1897    i._Index2Color_M1555I  STemWin522_CM4_Keil.lib(guicc_m1555i.o)
    0x08011ee4   0x00000030   Code   RO         1911    i._Index2Color_M4444I  STemWin522_CM4_Keil.lib(guicc_m4444i.o)
    0x08011f14   0x00000020   Code   RO         1937    i._Index2Color_M8888I  STemWin522_CM4_Keil.lib(guicc_m8888i.o)
    0x08011f34   0x00000018   Code   RO         2367    i._Init             STemWin522_CM4_Keil.lib(guidrv_lin_16.o)
    0x08011f4c   0x00000070   Code   RO         2045    i._InitContext      STemWin522_CM4_Keil.lib(gui_core.o)
    0x08011fbc   0x000000a4   Code   RO         1993    i._InitOnce         STemWin522_CM4_Keil.lib(gui_alloc.o)
    0x08012060   0x00000024   Code   RO         2368    i._InitOnce         STemWin522_CM4_Keil.lib(guidrv_lin_16.o)
    0x08012084   0x00000080   Code   RO         2655    i._Invalidate1Abs   STemWin522_CM4_Keil.lib(wm.o)
    0x08012104   0x00000002   Code   RO         3260    i._Log2VisBuffered  STemWin522_CM4_Keil.lib(gui_charline.o)
    0x08012106   0x00000008   Code   RO         3049    i._Min              STemWin522_CM4_Keil.lib(guidev_banding.o)
    0x0801210e   0x0000006e   Code   RO         3925    i._MoveDescendents  STemWin522_CM4_Keil.lib(wm_move.o)
    0x0801217c   0x0000000a   Code   RO         2369    i._Off              STemWin522_CM4_Keil.lib(guidrv_lin_16.o)
    0x08012186   0x0000000a   Code   RO         2370    i._On               STemWin522_CM4_Keil.lib(guidrv_lin_16.o)
    0x08012190   0x0000002c   Code   RO         2546    i._OnButtonPressed  STemWin522_CM4_Keil.lib(button.o)
    0x080121bc   0x0000003a   Code   RO         2547    i._OnButtonReleased  STemWin522_CM4_Keil.lib(button.o)
    0x080121f6   0x00000002   PAD
    0x080121f8   0x00000028   Code   RO         1955    i._OnExit           STemWin522_CM4_Keil.lib(gui__alpha.o)
    0x08012220   0x00000034   Code   RO         1994    i._OnExit           STemWin522_CM4_Keil.lib(gui_alloc.o)
    0x08012254   0x0000002c   Code   RO         2046    i._OnExit           STemWin522_CM4_Keil.lib(gui_core.o)
    0x08012280   0x00000014   Code   RO         2214    i._OnExit           STemWin522_CM4_Keil.lib(lcd_color.o)
    0x08012294   0x00000034   Code   RO         2656    i._OnExit           STemWin522_CM4_Keil.lib(wm.o)
    0x080122c8   0x00000040   Code   RO         2549    i._OnTouchDefault   STemWin522_CM4_Keil.lib(button.o)
    0x08012308   0x0000014e   Code   RO         3078    i._Paint            STemWin522_CM4_Keil.lib(button_skinclassic.o)
    0x08012456   0x0000010c   Code   RO         3088    i._Paint            STemWin522_CM4_Keil.lib(progbar_skinclassic.o)
    0x08012562   0x00000002   PAD
    0x08012564   0x00000024   Code   RO         2657    i._Paint1           STemWin522_CM4_Keil.lib(wm.o)
    0x08012588   0x0000008c   Code   RO         2658    i._Paint1Trans      STemWin522_CM4_Keil.lib(wm.o)
    0x08012614   0x0000009a   Code   RO         2659    i._PaintTransChildren  STemWin522_CM4_Keil.lib(wm.o)
    0x080126ae   0x00000002   PAD
    0x080126b0   0x00000040   Code   RO         1995    i._PopFreeBlock     STemWin522_CM4_Keil.lib(gui_alloc.o)
    0x080126f0   0x00000024   Code   RO         1996    i._PushFreeBlock    STemWin522_CM4_Keil.lib(gui_alloc.o)
    0x08012714   0x00000030   Code   RO         2371    i._ReadRect         STemWin522_CM4_Keil.lib(guidrv_lin_16.o)
    0x08012744   0x0000001c   Code   RO         3824    i._ReleaseBuffer    STemWin522_CM4_Keil.lib(gui_sprite.o)
    0x08012760   0x00000034   Code   RO         1997    i._RemoveFreeBlock  STemWin522_CM4_Keil.lib(gui_alloc.o)
    0x08012794   0x0000005c   Code   RO         3436    i._RemoveFromLinList  STemWin522_CM4_Keil.lib(gui_timer.o)
    0x080127f0   0x000000a0   Code   RO         1998    i._RemoveHoles      STemWin522_CM4_Keil.lib(gui_alloc.o)
    0x08012890   0x0000005a   Code   RO         3746    i._Screen2hWin      STemWin522_CM4_Keil.lib(wm_screen2win.o)
    0x080128ea   0x00000002   PAD
    0x080128ec   0x00000024   Code   RO         3747    i._Screen2hWinStop  STemWin522_CM4_Keil.lib(wm_screen2win.o)
    0x08012910   0x00000026   Code   RO         2372    i._SetAlpha         STemWin522_CM4_Keil.lib(guidrv_lin_16.o)
    0x08012936   0x00000010   Code   RO         2373    i._SetAlphaMode     STemWin522_CM4_Keil.lib(guidrv_lin_16.o)
    0x08012946   0x00000002   PAD
    0x08012948   0x00000020   Code   RO         2184    i._SetBkColor       STemWin522_CM4_Keil.lib(lcd.o)
    0x08012968   0x00000012   Code   RO         2374    i._SetChroma        STemWin522_CM4_Keil.lib(guidrv_lin_16.o)
    0x0801297a   0x00000010   Code   RO         2375    i._SetChromaMode    STemWin522_CM4_Keil.lib(guidrv_lin_16.o)
    0x0801298a   0x00000002   PAD
    0x0801298c   0x0000004c   Code   RO         2660    i._SetClipRectUserIntersect  STemWin522_CM4_Keil.lib(wm.o)
    0x080129d8   0x00000020   Code   RO         2185    i._SetColor         STemWin522_CM4_Keil.lib(lcd.o)
    0x080129f8   0x00000044   Code   RO         2376    i._SetDevFunc       STemWin522_CM4_Keil.lib(guidrv_lin_16.o)
    0x08012a3c   0x0000002c   Code   RO         2186    i._SetDrawMode      STemWin522_CM4_Keil.lib(lcd.o)
    0x08012a68   0x000000a4   Code   RO         2377    i._SetOrg           STemWin522_CM4_Keil.lib(guidrv_lin_16.o)
    0x08012b0c   0x00000008   Code   RO         3026    i._SetOrg           STemWin522_CM4_Keil.lib(guidev_16.o)
    0x08012b14   0x00000008   Code   RO         3581    i._SetOrg           STemWin522_CM4_Keil.lib(guidev_32.o)
    0x08012b1c   0x00000012   Code   RO         2378    i._SetPixelIndex    STemWin522_CM4_Keil.lib(guidrv_lin_16.o)
    0x08012b2e   0x00000002   PAD
    0x08012b30   0x00000048   Code   RO         3027    i._SetPixelIndex    STemWin522_CM4_Keil.lib(guidev_16.o)
    0x08012b78   0x00000048   Code   RO         3582    i._SetPixelIndex    STemWin522_CM4_Keil.lib(guidev_32.o)
    0x08012bc0   0x0000002e   Code   RO         2379    i._SetPos           STemWin522_CM4_Keil.lib(guidrv_lin_16.o)
    0x08012bee   0x00000002   PAD
    0x08012bf0   0x000002ac   Code   RO         3829    i._SetPosition      STemWin522_CM4_Keil.lib(gui_sprite.o)
    0x08012e9c   0x00000044   Code   RO         2380    i._SetSize          STemWin522_CM4_Keil.lib(guidrv_lin_16.o)
    0x08012ee0   0x0000004a   Code   RO         3830    i._SetSpriteBkPixel  STemWin522_CM4_Keil.lib(gui_sprite.o)
    0x08012f2a   0x00000028   Code   RO         2381    i._SetVRAMAddr      STemWin522_CM4_Keil.lib(guidrv_lin_16.o)
    0x08012f52   0x0000002a   Code   RO         2382    i._SetVSize         STemWin522_CM4_Keil.lib(guidrv_lin_16.o)
    0x08012f7c   0x0000002c   Code   RO         2592    i._SetValue         STemWin522_CM4_Keil.lib(progbar.o)
    0x08012fa8   0x00000026   Code   RO         2383    i._SetVis           STemWin522_CM4_Keil.lib(guidrv_lin_16.o)
    0x08012fce   0x00000024   Code   RO         2384    i._ShowBuffer       STemWin522_CM4_Keil.lib(guidrv_lin_16.o)
    0x08012ff2   0x00000002   PAD
    0x08012ff4   0x00000058   Code   RO         2798    i._StoreState       STemWin522_CM4_Keil.lib(gui_pid.o)
    0x0801304c   0x000000ea   Code   RO         1999    i._TestRAM          STemWin522_CM4_Keil.lib(gui_alloc.o)
    0x08013136   0x00000002   PAD
    0x08013138   0x00000050   Code   RO         3437    i._Unlink           STemWin522_CM4_Keil.lib(gui_timer.o)
    0x08013188   0x00000030   Code   RO         2075    i._UnlinkDevice     STemWin522_CM4_Keil.lib(gui_device.o)
    0x080131b8   0x0000000e   Code   RO         2000    i._WriteTagData     STemWin522_CM4_Keil.lib(gui_alloc.o)
    0x080131c6   0x00000002   PAD
    0x080131c8   0x00000330   Code   RO         3646    i._WriteToActiveOpaque_8  STemWin522_CM4_Keil.lib(guidev_writetoactiveopaque.o)
    0x080134f8   0x000002f8   Code   RO         3647    i._WriteToActiveOpaque_HT  STemWin522_CM4_Keil.lib(guidev_writetoactiveopaque.o)
    0x080137f0   0x0000003c   Code   RO         3028    i._XY2PTR           STemWin522_CM4_Keil.lib(guidev_16.o)
    0x0801382c   0x0000003c   Code   RO         3583    i._XY2PTR           STemWin522_CM4_Keil.lib(guidev_32.o)
    0x08013868   0x00000028   Code   RO         2385    i._XorPixel         STemWin522_CM4_Keil.lib(guidrv_lin_16.o)
    0x08013890   0x00000054   Code   RO         3029    i._XorPixel         STemWin522_CM4_Keil.lib(guidev_16.o)
    0x080138e4   0x00000058   Code   RO         3584    i._XorPixel         STemWin522_CM4_Keil.lib(guidev_32.o)
    0x0801393c   0x00000028   Code   RO         4224    i.__0sprintf        mc_w.l(printfa.o)
    0x08013964   0x00000004   PAD
    0x08013968   0x00000118   Code   RO         3964    i.__hardfp_floor    m_wm.l(floor.o)
    0x08013a80   0x0000000e   Code   RO         4340    i.__scatterload_copy  mc_w.l(handlers.o)
    0x08013a8e   0x00000002   Code   RO         4341    i.__scatterload_null  mc_w.l(handlers.o)
    0x08013a90   0x0000000e   Code   RO         4342    i.__scatterload_zeroinit  mc_w.l(handlers.o)
    0x08013a9e   0x00000004   Code   RO         3710    i._cbInvalidateOne  STemWin522_CM4_Keil.lib(wm_bringtotop.o)
    0x08013aa2   0x00000002   PAD
    0x08013aa4   0x00000044   Code   RO         2661    i._cbPaintMemDev    STemWin522_CM4_Keil.lib(wm.o)
    0x08013ae8   0x00000164   Code   RO         4229    i._fp_digits        mc_w.l(printfa.o)
    0x08013c4c   0x000006dc   Code   RO         4230    i._printf_core      mc_w.l(printfa.o)
    0x08014328   0x00000024   Code   RO         4231    i._printf_post_padding  mc_w.l(printfa.o)
    0x0801434c   0x0000002e   Code   RO         4232    i._printf_pre_padding  mc_w.l(printfa.o)
    0x0801437a   0x0000000a   Code   RO         4234    i._sputc            mc_w.l(printfa.o)
    0x08014384   0x00000050   Code   RO         2662    i.cbBackWin         STemWin522_CM4_Keil.lib(wm.o)
    0x080143d4   0x0000008a   Code   RO         2187    i.emWin_LCD_Init    STemWin522_CM4_Keil.lib(lcd.o)
    0x0801445e   0x00000002   PAD
    0x08014460   0x00000050   Code   RO         4250    i.free              mc_w.l(malloc.o)
    0x080144b0   0x0000006c   Code   RO         4251    i.malloc            mc_w.l(malloc.o)
    0x0801451c   0x0000001c   Data   RO          566    .constdata          stm32f4xx_fmc.o
    0x08014538   0x00000d5c   Data   RO         1198    .constdata          tm_stm32f4_fonts.o
    0x08015294   0x0000134c   Data   RO         1199    .constdata          tm_stm32f4_fonts.o
    0x080165e0   0x00000008   Data   RO         1420    .constdata          guidrv_stm32f429i_discovery.o
    0x080165e8   0x00000018   Data   RO         1868    .constdata          STemWin522_CM4_Keil.lib(guicc_1616i.o)
    0x08016600   0x00000018   Data   RO         1877    .constdata          STemWin522_CM4_Keil.lib(guicc_8666.o)
    0x08016618   0x00000018   Data   RO         1886    .constdata          STemWin522_CM4_Keil.lib(guicc_88666i.o)
    0x08016630   0x00000018   Data   RO         1898    .constdata          STemWin522_CM4_Keil.lib(guicc_m1555i.o)
    0x08016648   0x00000018   Data   RO         1912    .constdata          STemWin522_CM4_Keil.lib(guicc_m4444i.o)
    0x08016660   0x00000018   Data   RO         1925    .constdata          STemWin522_CM4_Keil.lib(guicc_m565.o)
    0x08016678   0x00000018   Data   RO         1938    .constdata          STemWin522_CM4_Keil.lib(guicc_m8888i.o)
    0x08016690   0x00000008   Data   RO         2048    .constdata          STemWin522_CM4_Keil.lib(gui_core.o)
    0x08016698   0x00000018   Data   RO         2163    .constdata          STemWin522_CM4_Keil.lib(guicc_m888.o)
    0x080166b0   0x0000000c   Data   RO         2188    .constdata          STemWin522_CM4_Keil.lib(lcd.o)
    0x080166bc   0x00000034   Data   RO         2386    .constdata          STemWin522_CM4_Keil.lib(guidrv_lin_16.o)
    0x080166f0   0x0000000d   Data   RO         2422    .constdata          STemWin522_CM4_Keil.lib(f13hb_ascii.o)
    0x080166fd   0x0000000d   Data   RO         2423    .constdata          STemWin522_CM4_Keil.lib(f13hb_ascii.o)
    0x0801670a   0x0000000d   Data   RO         2424    .constdata          STemWin522_CM4_Keil.lib(f13hb_ascii.o)
    0x08016717   0x0000001a   Data   RO         2425    .constdata          STemWin522_CM4_Keil.lib(f13hb_ascii.o)
    0x08016731   0x0000000d   Data   RO         2426    .constdata          STemWin522_CM4_Keil.lib(f13hb_ascii.o)
    0x0801673e   0x0000001a   Data   RO         2427    .constdata          STemWin522_CM4_Keil.lib(f13hb_ascii.o)
    0x08016758   0x0000001a   Data   RO         2428    .constdata          STemWin522_CM4_Keil.lib(f13hb_ascii.o)
    0x08016772   0x0000000d   Data   RO         2429    .constdata          STemWin522_CM4_Keil.lib(f13hb_ascii.o)
    0x0801677f   0x0000000d   Data   RO         2430    .constdata          STemWin522_CM4_Keil.lib(f13hb_ascii.o)
    0x0801678c   0x0000000d   Data   RO         2431    .constdata          STemWin522_CM4_Keil.lib(f13hb_ascii.o)
    0x08016799   0x0000000d   Data   RO         2432    .constdata          STemWin522_CM4_Keil.lib(f13hb_ascii.o)
    0x080167a6   0x0000001a   Data   RO         2433    .constdata          STemWin522_CM4_Keil.lib(f13hb_ascii.o)
    0x080167c0   0x0000000d   Data   RO         2434    .constdata          STemWin522_CM4_Keil.lib(f13hb_ascii.o)
    0x080167cd   0x0000000d   Data   RO         2435    .constdata          STemWin522_CM4_Keil.lib(f13hb_ascii.o)
    0x080167da   0x0000000d   Data   RO         2436    .constdata          STemWin522_CM4_Keil.lib(f13hb_ascii.o)
    0x080167e7   0x0000000d   Data   RO         2437    .constdata          STemWin522_CM4_Keil.lib(f13hb_ascii.o)
    0x080167f4   0x0000000d   Data   RO         2438    .constdata          STemWin522_CM4_Keil.lib(f13hb_ascii.o)
    0x08016801   0x0000000d   Data   RO         2439    .constdata          STemWin522_CM4_Keil.lib(f13hb_ascii.o)
    0x0801680e   0x0000000d   Data   RO         2440    .constdata          STemWin522_CM4_Keil.lib(f13hb_ascii.o)
    0x0801681b   0x0000000d   Data   RO         2441    .constdata          STemWin522_CM4_Keil.lib(f13hb_ascii.o)
    0x08016828   0x0000000d   Data   RO         2442    .constdata          STemWin522_CM4_Keil.lib(f13hb_ascii.o)
    0x08016835   0x0000000d   Data   RO         2443    .constdata          STemWin522_CM4_Keil.lib(f13hb_ascii.o)
    0x08016842   0x0000000d   Data   RO         2444    .constdata          STemWin522_CM4_Keil.lib(f13hb_ascii.o)
    0x0801684f   0x0000000d   Data   RO         2445    .constdata          STemWin522_CM4_Keil.lib(f13hb_ascii.o)
    0x0801685c   0x0000000d   Data   RO         2446    .constdata          STemWin522_CM4_Keil.lib(f13hb_ascii.o)
    0x08016869   0x0000000d   Data   RO         2447    .constdata          STemWin522_CM4_Keil.lib(f13hb_ascii.o)
    0x08016876   0x0000000d   Data   RO         2448    .constdata          STemWin522_CM4_Keil.lib(f13hb_ascii.o)
    0x08016883   0x0000000d   Data   RO         2449    .constdata          STemWin522_CM4_Keil.lib(f13hb_ascii.o)
    0x08016890   0x0000001a   Data   RO         2450    .constdata          STemWin522_CM4_Keil.lib(f13hb_ascii.o)
    0x080168aa   0x0000001a   Data   RO         2451    .constdata          STemWin522_CM4_Keil.lib(f13hb_ascii.o)
    0x080168c4   0x0000001a   Data   RO         2452    .constdata          STemWin522_CM4_Keil.lib(f13hb_ascii.o)
    0x080168de   0x0000000d   Data   RO         2453    .constdata          STemWin522_CM4_Keil.lib(f13hb_ascii.o)
    0x080168eb   0x0000001a   Data   RO         2454    .constdata          STemWin522_CM4_Keil.lib(f13hb_ascii.o)
    0x08016905   0x0000001a   Data   RO         2455    .constdata          STemWin522_CM4_Keil.lib(f13hb_ascii.o)
    0x0801691f   0x0000000d   Data   RO         2456    .constdata          STemWin522_CM4_Keil.lib(f13hb_ascii.o)
    0x0801692c   0x0000000d   Data   RO         2457    .constdata          STemWin522_CM4_Keil.lib(f13hb_ascii.o)
    0x08016939   0x0000001a   Data   RO         2458    .constdata          STemWin522_CM4_Keil.lib(f13hb_ascii.o)
    0x08016953   0x0000000d   Data   RO         2459    .constdata          STemWin522_CM4_Keil.lib(f13hb_ascii.o)
    0x08016960   0x0000000d   Data   RO         2460    .constdata          STemWin522_CM4_Keil.lib(f13hb_ascii.o)
    0x0801696d   0x0000000d   Data   RO         2461    .constdata          STemWin522_CM4_Keil.lib(f13hb_ascii.o)
    0x0801697a   0x0000001a   Data   RO         2462    .constdata          STemWin522_CM4_Keil.lib(f13hb_ascii.o)
    0x08016994   0x0000000d   Data   RO         2463    .constdata          STemWin522_CM4_Keil.lib(f13hb_ascii.o)
    0x080169a1   0x0000000d   Data   RO         2464    .constdata          STemWin522_CM4_Keil.lib(f13hb_ascii.o)
    0x080169ae   0x0000000d   Data   RO         2465    .constdata          STemWin522_CM4_Keil.lib(f13hb_ascii.o)
    0x080169bb   0x0000000d   Data   RO         2466    .constdata          STemWin522_CM4_Keil.lib(f13hb_ascii.o)
    0x080169c8   0x0000001a   Data   RO         2467    .constdata          STemWin522_CM4_Keil.lib(f13hb_ascii.o)
    0x080169e2   0x0000000d   Data   RO         2468    .constdata          STemWin522_CM4_Keil.lib(f13hb_ascii.o)
    0x080169ef   0x0000001a   Data   RO         2469    .constdata          STemWin522_CM4_Keil.lib(f13hb_ascii.o)
    0x08016a09   0x0000000d   Data   RO         2470    .constdata          STemWin522_CM4_Keil.lib(f13hb_ascii.o)
    0x08016a16   0x0000001a   Data   RO         2471    .constdata          STemWin522_CM4_Keil.lib(f13hb_ascii.o)
    0x08016a30   0x0000001a   Data   RO         2472    .constdata          STemWin522_CM4_Keil.lib(f13hb_ascii.o)
    0x08016a4a   0x0000000d   Data   RO         2473    .constdata          STemWin522_CM4_Keil.lib(f13hb_ascii.o)
    0x08016a57   0x0000000d   Data   RO         2474    .constdata          STemWin522_CM4_Keil.lib(f13hb_ascii.o)
    0x08016a64   0x0000000d   Data   RO         2475    .constdata          STemWin522_CM4_Keil.lib(f13hb_ascii.o)
    0x08016a71   0x0000001a   Data   RO         2476    .constdata          STemWin522_CM4_Keil.lib(f13hb_ascii.o)
    0x08016a8b   0x0000001a   Data   RO         2477    .constdata          STemWin522_CM4_Keil.lib(f13hb_ascii.o)
    0x08016aa5   0x0000001a   Data   RO         2478    .constdata          STemWin522_CM4_Keil.lib(f13hb_ascii.o)
    0x08016abf   0x0000001a   Data   RO         2479    .constdata          STemWin522_CM4_Keil.lib(f13hb_ascii.o)
    0x08016ad9   0x0000000d   Data   RO         2480    .constdata          STemWin522_CM4_Keil.lib(f13hb_ascii.o)
    0x08016ae6   0x0000000d   Data   RO         2481    .constdata          STemWin522_CM4_Keil.lib(f13hb_ascii.o)
    0x08016af3   0x0000000d   Data   RO         2482    .constdata          STemWin522_CM4_Keil.lib(f13hb_ascii.o)
    0x08016b00   0x0000000d   Data   RO         2483    .constdata          STemWin522_CM4_Keil.lib(f13hb_ascii.o)
    0x08016b0d   0x0000001a   Data   RO         2484    .constdata          STemWin522_CM4_Keil.lib(f13hb_ascii.o)
    0x08016b27   0x0000000d   Data   RO         2485    .constdata          STemWin522_CM4_Keil.lib(f13hb_ascii.o)
    0x08016b34   0x0000000d   Data   RO         2486    .constdata          STemWin522_CM4_Keil.lib(f13hb_ascii.o)
    0x08016b41   0x0000000d   Data   RO         2487    .constdata          STemWin522_CM4_Keil.lib(f13hb_ascii.o)
    0x08016b4e   0x0000000d   Data   RO         2488    .constdata          STemWin522_CM4_Keil.lib(f13hb_ascii.o)
    0x08016b5b   0x0000000d   Data   RO         2489    .constdata          STemWin522_CM4_Keil.lib(f13hb_ascii.o)
    0x08016b68   0x0000000d   Data   RO         2490    .constdata          STemWin522_CM4_Keil.lib(f13hb_ascii.o)
    0x08016b75   0x0000000d   Data   RO         2491    .constdata          STemWin522_CM4_Keil.lib(f13hb_ascii.o)
    0x08016b82   0x0000000d   Data   RO         2492    .constdata          STemWin522_CM4_Keil.lib(f13hb_ascii.o)
    0x08016b8f   0x0000000d   Data   RO         2493    .constdata          STemWin522_CM4_Keil.lib(f13hb_ascii.o)
    0x08016b9c   0x0000000d   Data   RO         2494    .constdata          STemWin522_CM4_Keil.lib(f13hb_ascii.o)
    0x08016ba9   0x0000000d   Data   RO         2495    .constdata          STemWin522_CM4_Keil.lib(f13hb_ascii.o)
    0x08016bb6   0x0000000d   Data   RO         2496    .constdata          STemWin522_CM4_Keil.lib(f13hb_ascii.o)
    0x08016bc3   0x0000000d   Data   RO         2497    .constdata          STemWin522_CM4_Keil.lib(f13hb_ascii.o)
    0x08016bd0   0x0000000d   Data   RO         2498    .constdata          STemWin522_CM4_Keil.lib(f13hb_ascii.o)
    0x08016bdd   0x0000001a   Data   RO         2499    .constdata          STemWin522_CM4_Keil.lib(f13hb_ascii.o)
    0x08016bf7   0x0000000d   Data   RO         2500    .constdata          STemWin522_CM4_Keil.lib(f13hb_ascii.o)
    0x08016c04   0x0000000d   Data   RO         2501    .constdata          STemWin522_CM4_Keil.lib(f13hb_ascii.o)
    0x08016c11   0x0000000d   Data   RO         2502    .constdata          STemWin522_CM4_Keil.lib(f13hb_ascii.o)
    0x08016c1e   0x0000000d   Data   RO         2503    .constdata          STemWin522_CM4_Keil.lib(f13hb_ascii.o)
    0x08016c2b   0x0000000d   Data   RO         2504    .constdata          STemWin522_CM4_Keil.lib(f13hb_ascii.o)
    0x08016c38   0x0000000d   Data   RO         2505    .constdata          STemWin522_CM4_Keil.lib(f13hb_ascii.o)
    0x08016c45   0x0000000d   Data   RO         2506    .constdata          STemWin522_CM4_Keil.lib(f13hb_ascii.o)
    0x08016c52   0x0000000d   Data   RO         2507    .constdata          STemWin522_CM4_Keil.lib(f13hb_ascii.o)
    0x08016c5f   0x0000000d   Data   RO         2508    .constdata          STemWin522_CM4_Keil.lib(f13hb_ascii.o)
    0x08016c6c   0x0000001a   Data   RO         2509    .constdata          STemWin522_CM4_Keil.lib(f13hb_ascii.o)
    0x08016c86   0x0000000d   Data   RO         2510    .constdata          STemWin522_CM4_Keil.lib(f13hb_ascii.o)
    0x08016c93   0x0000000d   Data   RO         2511    .constdata          STemWin522_CM4_Keil.lib(f13hb_ascii.o)
    0x08016ca0   0x0000000d   Data   RO         2512    .constdata          STemWin522_CM4_Keil.lib(f13hb_ascii.o)
    0x08016cad   0x0000000d   Data   RO         2513    .constdata          STemWin522_CM4_Keil.lib(f13hb_ascii.o)
    0x08016cba   0x0000000d   Data   RO         2514    .constdata          STemWin522_CM4_Keil.lib(f13hb_ascii.o)
    0x08016cc7   0x0000000d   Data   RO         2515    .constdata          STemWin522_CM4_Keil.lib(f13hb_ascii.o)
    0x08016cd4   0x0000001a   Data   RO         2516    .constdata          STemWin522_CM4_Keil.lib(f13hb_ascii.o)
    0x08016cee   0x00000002   PAD
    0x08016cf0   0x000002f8   Data   RO         2517    .constdata          STemWin522_CM4_Keil.lib(f13hb_ascii.o)
    0x08016fe8   0x0000000c   Data   RO         2518    .constdata          STemWin522_CM4_Keil.lib(f13hb_ascii.o)
    0x08016ff4   0x00000024   Data   RO         2519    .constdata          STemWin522_CM4_Keil.lib(f13hb_ascii.o)
    0x08017018   0x00000a30   Data   RO         2520    .constdata          STemWin522_CM4_Keil.lib(f8x16.o)
    0x08017a48   0x000001c0   Data   RO         2521    .constdata          STemWin522_CM4_Keil.lib(f8x16.o)
    0x08017c08   0x00000008   Data   RO         2522    .constdata          STemWin522_CM4_Keil.lib(f8x16.o)
    0x08017c10   0x00000014   Data   RO         2523    .constdata          STemWin522_CM4_Keil.lib(f8x16.o)
    0x08017c24   0x00000024   Data   RO         2524    .constdata          STemWin522_CM4_Keil.lib(f8x16.o)
    0x08017c48   0x00000018   Data   RO         2724    .constdata          STemWin522_CM4_Keil.lib(guicc_16.o)
    0x08017c60   0x00000010   Data   RO         2728    .constdata          STemWin522_CM4_Keil.lib(gui__divtbl_15_255.o)
    0x08017c70   0x00000100   Data   RO         2729    .constdata          STemWin522_CM4_Keil.lib(gui__divtbl_255_15.o)
    0x08017d70   0x00000100   Data   RO         2730    .constdata          STemWin522_CM4_Keil.lib(gui__divtbl_255_31.o)
    0x08017e70   0x00000100   Data   RO         2731    .constdata          STemWin522_CM4_Keil.lib(gui__divtbl_255_63.o)
    0x08017f70   0x00000020   Data   RO         2732    .constdata          STemWin522_CM4_Keil.lib(gui__divtbl_31_255.o)
    0x08017f90   0x00000040   Data   RO         2733    .constdata          STemWin522_CM4_Keil.lib(gui__divtbl_63_255.o)
    0x08017fd0   0x00000010   Data   RO         2836    .constdata          STemWin522_CM4_Keil.lib(gui_uc_encodenone.o)
    0x08017fe0   0x00000018   Data   RO         2860    .constdata          STemWin522_CM4_Keil.lib(guicc_0.o)
    0x08017ff8   0x00000100   Data   RO         2876    .constdata          STemWin522_CM4_Keil.lib(lcd_mirror.o)
    0x080180f8   0x0000000d   Data   RO         2889    .constdata          STemWin522_CM4_Keil.lib(f13_1.o)
    0x08018105   0x0000000d   Data   RO         2890    .constdata          STemWin522_CM4_Keil.lib(f13_1.o)
    0x08018112   0x0000000d   Data   RO         2891    .constdata          STemWin522_CM4_Keil.lib(f13_1.o)
    0x0801811f   0x0000000d   Data   RO         2892    .constdata          STemWin522_CM4_Keil.lib(f13_1.o)
    0x0801812c   0x0000000d   Data   RO         2893    .constdata          STemWin522_CM4_Keil.lib(f13_1.o)
    0x08018139   0x0000000d   Data   RO         2894    .constdata          STemWin522_CM4_Keil.lib(f13_1.o)
    0x08018146   0x0000000d   Data   RO         2895    .constdata          STemWin522_CM4_Keil.lib(f13_1.o)
    0x08018153   0x0000000d   Data   RO         2896    .constdata          STemWin522_CM4_Keil.lib(f13_1.o)
    0x08018160   0x0000000d   Data   RO         2897    .constdata          STemWin522_CM4_Keil.lib(f13_1.o)
    0x0801816d   0x0000001a   Data   RO         2898    .constdata          STemWin522_CM4_Keil.lib(f13_1.o)
    0x08018187   0x0000000d   Data   RO         2899    .constdata          STemWin522_CM4_Keil.lib(f13_1.o)
    0x08018194   0x0000000d   Data   RO         2900    .constdata          STemWin522_CM4_Keil.lib(f13_1.o)
    0x080181a1   0x0000000d   Data   RO         2901    .constdata          STemWin522_CM4_Keil.lib(f13_1.o)
    0x080181ae   0x0000000d   Data   RO         2902    .constdata          STemWin522_CM4_Keil.lib(f13_1.o)
    0x080181bb   0x0000001a   Data   RO         2903    .constdata          STemWin522_CM4_Keil.lib(f13_1.o)
    0x080181d5   0x0000000d   Data   RO         2904    .constdata          STemWin522_CM4_Keil.lib(f13_1.o)
    0x080181e2   0x0000000d   Data   RO         2905    .constdata          STemWin522_CM4_Keil.lib(f13_1.o)
    0x080181ef   0x0000000d   Data   RO         2906    .constdata          STemWin522_CM4_Keil.lib(f13_1.o)
    0x080181fc   0x0000000d   Data   RO         2907    .constdata          STemWin522_CM4_Keil.lib(f13_1.o)
    0x08018209   0x0000000d   Data   RO         2908    .constdata          STemWin522_CM4_Keil.lib(f13_1.o)
    0x08018216   0x0000000d   Data   RO         2909    .constdata          STemWin522_CM4_Keil.lib(f13_1.o)
    0x08018223   0x0000000d   Data   RO         2910    .constdata          STemWin522_CM4_Keil.lib(f13_1.o)
    0x08018230   0x0000000d   Data   RO         2911    .constdata          STemWin522_CM4_Keil.lib(f13_1.o)
    0x0801823d   0x0000000d   Data   RO         2912    .constdata          STemWin522_CM4_Keil.lib(f13_1.o)
    0x0801824a   0x0000000d   Data   RO         2913    .constdata          STemWin522_CM4_Keil.lib(f13_1.o)
    0x08018257   0x0000000d   Data   RO         2914    .constdata          STemWin522_CM4_Keil.lib(f13_1.o)
    0x08018264   0x0000000d   Data   RO         2915    .constdata          STemWin522_CM4_Keil.lib(f13_1.o)
    0x08018271   0x0000000d   Data   RO         2916    .constdata          STemWin522_CM4_Keil.lib(f13_1.o)
    0x0801827e   0x0000001a   Data   RO         2917    .constdata          STemWin522_CM4_Keil.lib(f13_1.o)
    0x08018298   0x0000001a   Data   RO         2918    .constdata          STemWin522_CM4_Keil.lib(f13_1.o)
    0x080182b2   0x0000001a   Data   RO         2919    .constdata          STemWin522_CM4_Keil.lib(f13_1.o)
    0x080182cc   0x0000000d   Data   RO         2920    .constdata          STemWin522_CM4_Keil.lib(f13_1.o)
    0x080182d9   0x0000000d   Data   RO         2921    .constdata          STemWin522_CM4_Keil.lib(f13_1.o)
    0x080182e6   0x0000000d   Data   RO         2922    .constdata          STemWin522_CM4_Keil.lib(f13_1.o)
    0x080182f3   0x0000000d   Data   RO         2923    .constdata          STemWin522_CM4_Keil.lib(f13_1.o)
    0x08018300   0x0000000d   Data   RO         2924    .constdata          STemWin522_CM4_Keil.lib(f13_1.o)
    0x0801830d   0x0000000d   Data   RO         2925    .constdata          STemWin522_CM4_Keil.lib(f13_1.o)
    0x0801831a   0x0000000d   Data   RO         2926    .constdata          STemWin522_CM4_Keil.lib(f13_1.o)
    0x08018327   0x0000001a   Data   RO         2927    .constdata          STemWin522_CM4_Keil.lib(f13_1.o)
    0x08018341   0x0000000d   Data   RO         2928    .constdata          STemWin522_CM4_Keil.lib(f13_1.o)
    0x0801834e   0x0000000d   Data   RO         2929    .constdata          STemWin522_CM4_Keil.lib(f13_1.o)
    0x0801835b   0x0000000d   Data   RO         2930    .constdata          STemWin522_CM4_Keil.lib(f13_1.o)
    0x08018368   0x0000000d   Data   RO         2931    .constdata          STemWin522_CM4_Keil.lib(f13_1.o)
    0x08018375   0x0000000d   Data   RO         2932    .constdata          STemWin522_CM4_Keil.lib(f13_1.o)
    0x08018382   0x0000000d   Data   RO         2933    .constdata          STemWin522_CM4_Keil.lib(f13_1.o)
    0x0801838f   0x0000000d   Data   RO         2934    .constdata          STemWin522_CM4_Keil.lib(f13_1.o)
    0x0801839c   0x0000000d   Data   RO         2935    .constdata          STemWin522_CM4_Keil.lib(f13_1.o)
    0x080183a9   0x0000000d   Data   RO         2936    .constdata          STemWin522_CM4_Keil.lib(f13_1.o)
    0x080183b6   0x0000000d   Data   RO         2937    .constdata          STemWin522_CM4_Keil.lib(f13_1.o)
    0x080183c3   0x0000000d   Data   RO         2938    .constdata          STemWin522_CM4_Keil.lib(f13_1.o)
    0x080183d0   0x0000000d   Data   RO         2939    .constdata          STemWin522_CM4_Keil.lib(f13_1.o)
    0x080183dd   0x0000000d   Data   RO         2940    .constdata          STemWin522_CM4_Keil.lib(f13_1.o)
    0x080183ea   0x0000000d   Data   RO         2941    .constdata          STemWin522_CM4_Keil.lib(f13_1.o)
    0x080183f7   0x0000000d   Data   RO         2942    .constdata          STemWin522_CM4_Keil.lib(f13_1.o)
    0x08018404   0x0000000d   Data   RO         2943    .constdata          STemWin522_CM4_Keil.lib(f13_1.o)
    0x08018411   0x0000000d   Data   RO         2944    .constdata          STemWin522_CM4_Keil.lib(f13_1.o)
    0x0801841e   0x0000000d   Data   RO         2945    .constdata          STemWin522_CM4_Keil.lib(f13_1.o)
    0x0801842b   0x0000000d   Data   RO         2946    .constdata          STemWin522_CM4_Keil.lib(f13_1.o)
    0x08018438   0x0000000d   Data   RO         2947    .constdata          STemWin522_CM4_Keil.lib(f13_1.o)
    0x08018445   0x0000000d   Data   RO         2948    .constdata          STemWin522_CM4_Keil.lib(f13_1.o)
    0x08018452   0x0000000d   Data   RO         2949    .constdata          STemWin522_CM4_Keil.lib(f13_1.o)
    0x0801845f   0x0000000d   Data   RO         2950    .constdata          STemWin522_CM4_Keil.lib(f13_1.o)
    0x0801846c   0x0000000d   Data   RO         2951    .constdata          STemWin522_CM4_Keil.lib(f13_1.o)
    0x08018479   0x0000000d   Data   RO         2952    .constdata          STemWin522_CM4_Keil.lib(f13_1.o)
    0x08018486   0x0000000d   Data   RO         2953    .constdata          STemWin522_CM4_Keil.lib(f13_1.o)
    0x08018493   0x0000000d   Data   RO         2954    .constdata          STemWin522_CM4_Keil.lib(f13_1.o)
    0x080184a0   0x0000000d   Data   RO         2955    .constdata          STemWin522_CM4_Keil.lib(f13_1.o)
    0x080184ad   0x0000000d   Data   RO         2956    .constdata          STemWin522_CM4_Keil.lib(f13_1.o)
    0x080184ba   0x0000000d   Data   RO         2957    .constdata          STemWin522_CM4_Keil.lib(f13_1.o)
    0x080184c7   0x0000000d   Data   RO         2958    .constdata          STemWin522_CM4_Keil.lib(f13_1.o)
    0x080184d4   0x0000001a   Data   RO         2959    .constdata          STemWin522_CM4_Keil.lib(f13_1.o)
    0x080184ee   0x0000000d   Data   RO         2960    .constdata          STemWin522_CM4_Keil.lib(f13_1.o)
    0x080184fb   0x0000000d   Data   RO         2961    .constdata          STemWin522_CM4_Keil.lib(f13_1.o)
    0x08018508   0x0000000d   Data   RO         2962    .constdata          STemWin522_CM4_Keil.lib(f13_1.o)
    0x08018515   0x0000000d   Data   RO         2963    .constdata          STemWin522_CM4_Keil.lib(f13_1.o)
    0x08018522   0x0000000d   Data   RO         2964    .constdata          STemWin522_CM4_Keil.lib(f13_1.o)
    0x0801852f   0x0000000d   Data   RO         2965    .constdata          STemWin522_CM4_Keil.lib(f13_1.o)
    0x0801853c   0x0000000d   Data   RO         2966    .constdata          STemWin522_CM4_Keil.lib(f13_1.o)
    0x08018549   0x0000000d   Data   RO         2967    .constdata          STemWin522_CM4_Keil.lib(f13_1.o)
    0x08018556   0x0000000d   Data   RO         2968    .constdata          STemWin522_CM4_Keil.lib(f13_1.o)
    0x08018563   0x0000000d   Data   RO         2969    .constdata          STemWin522_CM4_Keil.lib(f13_1.o)
    0x08018570   0x0000000d   Data   RO         2970    .constdata          STemWin522_CM4_Keil.lib(f13_1.o)
    0x0801857d   0x0000000d   Data   RO         2971    .constdata          STemWin522_CM4_Keil.lib(f13_1.o)
    0x0801858a   0x0000000d   Data   RO         2972    .constdata          STemWin522_CM4_Keil.lib(f13_1.o)
    0x08018597   0x0000000d   Data   RO         2973    .constdata          STemWin522_CM4_Keil.lib(f13_1.o)
    0x080185a4   0x0000000d   Data   RO         2974    .constdata          STemWin522_CM4_Keil.lib(f13_1.o)
    0x080185b1   0x0000000d   Data   RO         2975    .constdata          STemWin522_CM4_Keil.lib(f13_1.o)
    0x080185be   0x0000000d   Data   RO         2976    .constdata          STemWin522_CM4_Keil.lib(f13_1.o)
    0x080185cb   0x0000000d   Data   RO         2977    .constdata          STemWin522_CM4_Keil.lib(f13_1.o)
    0x080185d8   0x0000000d   Data   RO         2978    .constdata          STemWin522_CM4_Keil.lib(f13_1.o)
    0x080185e5   0x0000000d   Data   RO         2979    .constdata          STemWin522_CM4_Keil.lib(f13_1.o)
    0x080185f2   0x0000000d   Data   RO         2980    .constdata          STemWin522_CM4_Keil.lib(f13_1.o)
    0x080185ff   0x0000000d   Data   RO         2981    .constdata          STemWin522_CM4_Keil.lib(f13_1.o)
    0x0801860c   0x0000000d   Data   RO         2982    .constdata          STemWin522_CM4_Keil.lib(f13_1.o)
    0x08018619   0x0000000d   Data   RO         2983    .constdata          STemWin522_CM4_Keil.lib(f13_1.o)
    0x08018626   0x0000000d   Data   RO         2984    .constdata          STemWin522_CM4_Keil.lib(f13_1.o)
    0x08018633   0x00000001   PAD
    0x08018634   0x00000300   Data   RO         2985    .constdata          STemWin522_CM4_Keil.lib(f13_1.o)
    0x08018934   0x0000000c   Data   RO         2986    .constdata          STemWin522_CM4_Keil.lib(f13_1.o)
    0x08018940   0x00000024   Data   RO         2987    .constdata          STemWin522_CM4_Keil.lib(f13_1.o)
    0x08018964   0x00000518   Data   RO         2988    .constdata          STemWin522_CM4_Keil.lib(f6x8.o)
    0x08018e7c   0x000001c0   Data   RO         2989    .constdata          STemWin522_CM4_Keil.lib(f6x8.o)
    0x0801903c   0x00000008   Data   RO         2990    .constdata          STemWin522_CM4_Keil.lib(f6x8.o)
    0x08019044   0x00000014   Data   RO         2991    .constdata          STemWin522_CM4_Keil.lib(f6x8.o)
    0x08019058   0x00000024   Data   RO         2992    .constdata          STemWin522_CM4_Keil.lib(f6x8.o)
    0x0801907c   0x00000074   Data   RO         3030    .constdata          STemWin522_CM4_Keil.lib(guidev_16.o)
    0x080190f0   0x0000000c   Data   RO         3079    .constdata          STemWin522_CM4_Keil.lib(button_skinclassic.o)
    0x080190fc   0x0000000c   Data   RO         3089    .constdata          STemWin522_CM4_Keil.lib(progbar_skinclassic.o)
    0x08019108   0x0000001c   Data   RO         3151    .constdata          STemWin522_CM4_Keil.lib(widget_effect_none.o)
    0x08019124   0x00000028   Data   RO         3249    .constdata          STemWin522_CM4_Keil.lib(gui_adddecshift.o)
    0x0801914c   0x00000018   Data   RO         3461    .constdata          STemWin522_CM4_Keil.lib(guicc_8888.o)
    0x08019164   0x0000000d   Data   RO         3470    .constdata          STemWin522_CM4_Keil.lib(f13_ascii.o)
    0x08019171   0x0000000d   Data   RO         3471    .constdata          STemWin522_CM4_Keil.lib(f13_ascii.o)
    0x0801917e   0x0000000d   Data   RO         3472    .constdata          STemWin522_CM4_Keil.lib(f13_ascii.o)
    0x0801918b   0x0000000d   Data   RO         3473    .constdata          STemWin522_CM4_Keil.lib(f13_ascii.o)
    0x08019198   0x0000000d   Data   RO         3474    .constdata          STemWin522_CM4_Keil.lib(f13_ascii.o)
    0x080191a5   0x0000001a   Data   RO         3475    .constdata          STemWin522_CM4_Keil.lib(f13_ascii.o)
    0x080191bf   0x0000000d   Data   RO         3476    .constdata          STemWin522_CM4_Keil.lib(f13_ascii.o)
    0x080191cc   0x0000000d   Data   RO         3477    .constdata          STemWin522_CM4_Keil.lib(f13_ascii.o)
    0x080191d9   0x0000000d   Data   RO         3478    .constdata          STemWin522_CM4_Keil.lib(f13_ascii.o)
    0x080191e6   0x0000000d   Data   RO         3479    .constdata          STemWin522_CM4_Keil.lib(f13_ascii.o)
    0x080191f3   0x0000000d   Data   RO         3480    .constdata          STemWin522_CM4_Keil.lib(f13_ascii.o)
    0x08019200   0x0000000d   Data   RO         3481    .constdata          STemWin522_CM4_Keil.lib(f13_ascii.o)
    0x0801920d   0x0000000d   Data   RO         3482    .constdata          STemWin522_CM4_Keil.lib(f13_ascii.o)
    0x0801921a   0x0000000d   Data   RO         3483    .constdata          STemWin522_CM4_Keil.lib(f13_ascii.o)
    0x08019227   0x0000000d   Data   RO         3484    .constdata          STemWin522_CM4_Keil.lib(f13_ascii.o)
    0x08019234   0x0000000d   Data   RO         3485    .constdata          STemWin522_CM4_Keil.lib(f13_ascii.o)
    0x08019241   0x0000000d   Data   RO         3486    .constdata          STemWin522_CM4_Keil.lib(f13_ascii.o)
    0x0801924e   0x0000000d   Data   RO         3487    .constdata          STemWin522_CM4_Keil.lib(f13_ascii.o)
    0x0801925b   0x0000000d   Data   RO         3488    .constdata          STemWin522_CM4_Keil.lib(f13_ascii.o)
    0x08019268   0x0000000d   Data   RO         3489    .constdata          STemWin522_CM4_Keil.lib(f13_ascii.o)
    0x08019275   0x0000000d   Data   RO         3490    .constdata          STemWin522_CM4_Keil.lib(f13_ascii.o)
    0x08019282   0x0000000d   Data   RO         3491    .constdata          STemWin522_CM4_Keil.lib(f13_ascii.o)
    0x0801928f   0x0000000d   Data   RO         3492    .constdata          STemWin522_CM4_Keil.lib(f13_ascii.o)
    0x0801929c   0x0000000d   Data   RO         3493    .constdata          STemWin522_CM4_Keil.lib(f13_ascii.o)
    0x080192a9   0x0000000d   Data   RO         3494    .constdata          STemWin522_CM4_Keil.lib(f13_ascii.o)
    0x080192b6   0x0000000d   Data   RO         3495    .constdata          STemWin522_CM4_Keil.lib(f13_ascii.o)
    0x080192c3   0x0000000d   Data   RO         3496    .constdata          STemWin522_CM4_Keil.lib(f13_ascii.o)
    0x080192d0   0x0000000d   Data   RO         3497    .constdata          STemWin522_CM4_Keil.lib(f13_ascii.o)
    0x080192dd   0x0000000d   Data   RO         3498    .constdata          STemWin522_CM4_Keil.lib(f13_ascii.o)
    0x080192ea   0x0000000d   Data   RO         3499    .constdata          STemWin522_CM4_Keil.lib(f13_ascii.o)
    0x080192f7   0x0000000d   Data   RO         3500    .constdata          STemWin522_CM4_Keil.lib(f13_ascii.o)
    0x08019304   0x0000000d   Data   RO         3501    .constdata          STemWin522_CM4_Keil.lib(f13_ascii.o)
    0x08019311   0x0000001a   Data   RO         3502    .constdata          STemWin522_CM4_Keil.lib(f13_ascii.o)
    0x0801932b   0x0000000d   Data   RO         3503    .constdata          STemWin522_CM4_Keil.lib(f13_ascii.o)
    0x08019338   0x0000000d   Data   RO         3504    .constdata          STemWin522_CM4_Keil.lib(f13_ascii.o)
    0x08019345   0x0000000d   Data   RO         3505    .constdata          STemWin522_CM4_Keil.lib(f13_ascii.o)
    0x08019352   0x0000000d   Data   RO         3506    .constdata          STemWin522_CM4_Keil.lib(f13_ascii.o)
    0x0801935f   0x0000000d   Data   RO         3507    .constdata          STemWin522_CM4_Keil.lib(f13_ascii.o)
    0x0801936c   0x0000000d   Data   RO         3508    .constdata          STemWin522_CM4_Keil.lib(f13_ascii.o)
    0x08019379   0x0000000d   Data   RO         3509    .constdata          STemWin522_CM4_Keil.lib(f13_ascii.o)
    0x08019386   0x0000000d   Data   RO         3510    .constdata          STemWin522_CM4_Keil.lib(f13_ascii.o)
    0x08019393   0x0000000d   Data   RO         3511    .constdata          STemWin522_CM4_Keil.lib(f13_ascii.o)
    0x080193a0   0x0000000d   Data   RO         3512    .constdata          STemWin522_CM4_Keil.lib(f13_ascii.o)
    0x080193ad   0x0000000d   Data   RO         3513    .constdata          STemWin522_CM4_Keil.lib(f13_ascii.o)
    0x080193ba   0x0000000d   Data   RO         3514    .constdata          STemWin522_CM4_Keil.lib(f13_ascii.o)
    0x080193c7   0x0000000d   Data   RO         3515    .constdata          STemWin522_CM4_Keil.lib(f13_ascii.o)
    0x080193d4   0x0000000d   Data   RO         3516    .constdata          STemWin522_CM4_Keil.lib(f13_ascii.o)
    0x080193e1   0x0000000d   Data   RO         3517    .constdata          STemWin522_CM4_Keil.lib(f13_ascii.o)
    0x080193ee   0x0000000d   Data   RO         3518    .constdata          STemWin522_CM4_Keil.lib(f13_ascii.o)
    0x080193fb   0x0000000d   Data   RO         3519    .constdata          STemWin522_CM4_Keil.lib(f13_ascii.o)
    0x08019408   0x0000000d   Data   RO         3520    .constdata          STemWin522_CM4_Keil.lib(f13_ascii.o)
    0x08019415   0x0000000d   Data   RO         3521    .constdata          STemWin522_CM4_Keil.lib(f13_ascii.o)
    0x08019422   0x0000000d   Data   RO         3522    .constdata          STemWin522_CM4_Keil.lib(f13_ascii.o)
    0x0801942f   0x0000000d   Data   RO         3523    .constdata          STemWin522_CM4_Keil.lib(f13_ascii.o)
    0x0801943c   0x0000000d   Data   RO         3524    .constdata          STemWin522_CM4_Keil.lib(f13_ascii.o)
    0x08019449   0x0000001a   Data   RO         3525    .constdata          STemWin522_CM4_Keil.lib(f13_ascii.o)
    0x08019463   0x0000000d   Data   RO         3526    .constdata          STemWin522_CM4_Keil.lib(f13_ascii.o)
    0x08019470   0x0000000d   Data   RO         3527    .constdata          STemWin522_CM4_Keil.lib(f13_ascii.o)
    0x0801947d   0x0000000d   Data   RO         3528    .constdata          STemWin522_CM4_Keil.lib(f13_ascii.o)
    0x0801948a   0x0000000d   Data   RO         3529    .constdata          STemWin522_CM4_Keil.lib(f13_ascii.o)
    0x08019497   0x0000000d   Data   RO         3530    .constdata          STemWin522_CM4_Keil.lib(f13_ascii.o)
    0x080194a4   0x0000000d   Data   RO         3531    .constdata          STemWin522_CM4_Keil.lib(f13_ascii.o)
    0x080194b1   0x0000000d   Data   RO         3532    .constdata          STemWin522_CM4_Keil.lib(f13_ascii.o)
    0x080194be   0x0000000d   Data   RO         3533    .constdata          STemWin522_CM4_Keil.lib(f13_ascii.o)
    0x080194cb   0x0000000d   Data   RO         3534    .constdata          STemWin522_CM4_Keil.lib(f13_ascii.o)
    0x080194d8   0x0000000d   Data   RO         3535    .constdata          STemWin522_CM4_Keil.lib(f13_ascii.o)
    0x080194e5   0x0000000d   Data   RO         3536    .constdata          STemWin522_CM4_Keil.lib(f13_ascii.o)
    0x080194f2   0x0000000d   Data   RO         3537    .constdata          STemWin522_CM4_Keil.lib(f13_ascii.o)
    0x080194ff   0x0000000d   Data   RO         3538    .constdata          STemWin522_CM4_Keil.lib(f13_ascii.o)
    0x0801950c   0x0000000d   Data   RO         3539    .constdata          STemWin522_CM4_Keil.lib(f13_ascii.o)
    0x08019519   0x0000000d   Data   RO         3540    .constdata          STemWin522_CM4_Keil.lib(f13_ascii.o)
    0x08019526   0x0000000d   Data   RO         3541    .constdata          STemWin522_CM4_Keil.lib(f13_ascii.o)
    0x08019533   0x0000000d   Data   RO         3542    .constdata          STemWin522_CM4_Keil.lib(f13_ascii.o)
    0x08019540   0x0000000d   Data   RO         3543    .constdata          STemWin522_CM4_Keil.lib(f13_ascii.o)
    0x0801954d   0x0000000d   Data   RO         3544    .constdata          STemWin522_CM4_Keil.lib(f13_ascii.o)
    0x0801955a   0x0000000d   Data   RO         3545    .constdata          STemWin522_CM4_Keil.lib(f13_ascii.o)
    0x08019567   0x0000000d   Data   RO         3546    .constdata          STemWin522_CM4_Keil.lib(f13_ascii.o)
    0x08019574   0x0000000d   Data   RO         3547    .constdata          STemWin522_CM4_Keil.lib(f13_ascii.o)
    0x08019581   0x0000000d   Data   RO         3548    .constdata          STemWin522_CM4_Keil.lib(f13_ascii.o)
    0x0801958e   0x0000000d   Data   RO         3549    .constdata          STemWin522_CM4_Keil.lib(f13_ascii.o)
    0x0801959b   0x0000000d   Data   RO         3550    .constdata          STemWin522_CM4_Keil.lib(f13_ascii.o)
    0x080195a8   0x0000000d   Data   RO         3551    .constdata          STemWin522_CM4_Keil.lib(f13_ascii.o)
    0x080195b5   0x0000000d   Data   RO         3552    .constdata          STemWin522_CM4_Keil.lib(f13_ascii.o)
    0x080195c2   0x0000000d   Data   RO         3553    .constdata          STemWin522_CM4_Keil.lib(f13_ascii.o)
    0x080195cf   0x0000000d   Data   RO         3554    .constdata          STemWin522_CM4_Keil.lib(f13_ascii.o)
    0x080195dc   0x0000000d   Data   RO         3555    .constdata          STemWin522_CM4_Keil.lib(f13_ascii.o)
    0x080195e9   0x0000000d   Data   RO         3556    .constdata          STemWin522_CM4_Keil.lib(f13_ascii.o)
    0x080195f6   0x0000000d   Data   RO         3557    .constdata          STemWin522_CM4_Keil.lib(f13_ascii.o)
    0x08019603   0x0000000d   Data   RO         3558    .constdata          STemWin522_CM4_Keil.lib(f13_ascii.o)
    0x08019610   0x0000000d   Data   RO         3559    .constdata          STemWin522_CM4_Keil.lib(f13_ascii.o)
    0x0801961d   0x0000000d   Data   RO         3560    .constdata          STemWin522_CM4_Keil.lib(f13_ascii.o)
    0x0801962a   0x0000000d   Data   RO         3561    .constdata          STemWin522_CM4_Keil.lib(f13_ascii.o)
    0x08019637   0x0000000d   Data   RO         3562    .constdata          STemWin522_CM4_Keil.lib(f13_ascii.o)
    0x08019644   0x0000000d   Data   RO         3563    .constdata          STemWin522_CM4_Keil.lib(f13_ascii.o)
    0x08019651   0x0000000d   Data   RO         3564    .constdata          STemWin522_CM4_Keil.lib(f13_ascii.o)
    0x0801965e   0x00000002   PAD
    0x08019660   0x000002f8   Data   RO         3565    .constdata          STemWin522_CM4_Keil.lib(f13_ascii.o)
    0x08019958   0x0000000c   Data   RO         3566    .constdata          STemWin522_CM4_Keil.lib(f13_ascii.o)
    0x08019964   0x00000074   Data   RO         3585    .constdata          STemWin522_CM4_Keil.lib(guidev_32.o)
    0x080199d8   0x00000018   Data   RO         3633    .constdata          STemWin522_CM4_Keil.lib(guidev_usagebm.o)
    0x080199f0   0x00000008   Data   RO         3648    .constdata          STemWin522_CM4_Keil.lib(guidev_writetoactiveopaque.o)
    0x080199f8   0x0000001c   Data   RO         3683    .constdata          STemWin522_CM4_Keil.lib(widget_effect_3d.o)
    0x08019a14   0x00000020   Data   RO         4338    Region$$Table       anon$$obj.o


    Execution Region RW_IRAM1 (Base: 0x20000000, Size: 0x0001cb88, Max: 0x00030000, ABSOLUTE, COMPRESSED[0x000000ec])

    Base Addr    Size         Type   Attr      Idx    E Section Name        Object

    0x20000000   0x00000010   Data   RW          152    .data               stm32f4xx_rcc.o
    0x20000010   0x00000010   Data   RW          981    .data               tm_stm32f4_delay.o
    0x20000020   0x00000001   Data   RW         1027    .data               tm_stm32f4_disco.o
    0x20000021   0x00000003   PAD
    0x20000024   0x00000010   Data   RW         1114    .data               tm_stm32f4_emwin.o
    0x20000034   0x00000008   Data   RW         1201    .data               tm_stm32f4_fonts.o
    0x2000003c   0x00000008   Data   RW         1202    .data               tm_stm32f4_fonts.o
    0x20000044   0x00000010   Data   RW         1232    .data               tm_stm32f4_i2c.o
    0x20000054   0x00000004   Data   RW         1260    .data               tm_stm32f4_ili9341_ltdc.o
    0x20000058   0x00000001   Data   RW         1294    .data               tm_stm32f4_sdram.o
    0x20000059   0x00000003   PAD
    0x2000005c   0x00000040   Data   RW         1421    .data               guidrv_stm32f429i_discovery.o
    0x2000009c   0x00000030   Data   RW         1508    .data               tm_stm32f4_rtc.o
    0x200000cc   0x00000080   Data   RW         1546    .data               tm_stm32f4_usart.o
    0x2000014c   0x00000004   Data   RW         1577    .data               main.o
    0x20000150   0x00000014   Data   RW         1639    .data               system_stm32f4xx.o
    0x20000164   0x00000001   Data   RW         1670    .data               tea5767.o
    0x20000165   0x00000001   PAD
    0x20000166   0x00000004   Data   RW         1699    .data               bmp180.o
    0x2000016a   0x00000002   PAD
    0x2000016c   0x0000001a   Data   RW         1727    .data               gui_screens.o
    0x20000186   0x00000002   PAD
    0x20000188   0x00000008   Data   RW         1899    .data               STemWin522_CM4_Keil.lib(guicc_m1555i.o)
    0x20000190   0x00000008   Data   RW         1913    .data               STemWin522_CM4_Keil.lib(guicc_m4444i.o)
    0x20000198   0x00000008   Data   RW         1926    .data               STemWin522_CM4_Keil.lib(guicc_m565.o)
    0x200001a0   0x00000008   Data   RW         1939    .data               STemWin522_CM4_Keil.lib(guicc_m8888i.o)
    0x200001a8   0x00000028   Data   RW         1956    .data               STemWin522_CM4_Keil.lib(gui__alpha.o)
    0x200001d0   0x00000008   Data   RW         2002    .data               STemWin522_CM4_Keil.lib(gui_alloc.o)
    0x200001d8   0x0000002c   Data   RW         2049    .data               STemWin522_CM4_Keil.lib(gui_core.o)
    0x20000204   0x00000004   Data   RW         2050    .data               STemWin522_CM4_Keil.lib(gui_core.o)
    0x20000208   0x00000004   Data   RW         2051    .data               STemWin522_CM4_Keil.lib(gui_core.o)
    0x2000020c   0x00000004   Data   RW         2052    .data               STemWin522_CM4_Keil.lib(gui_core.o)
    0x20000210   0x00000004   Data   RW         2053    .data               STemWin522_CM4_Keil.lib(gui_core.o)
    0x20000214   0x00000002   Data   RW         2054    .data               STemWin522_CM4_Keil.lib(gui_core.o)
    0x20000216   0x00000002   Data   RW         2055    .data               STemWin522_CM4_Keil.lib(gui_core.o)
    0x20000218   0x0000002c   Data   RW         2104    .data               STemWin522_CM4_Keil.lib(gui_multibuf.o)
    0x20000244   0x0000000c   Data   RW         2126    .data               STemWin522_CM4_Keil.lib(gui_onkey.o)
    0x20000250   0x00000008   Data   RW         2144    .data               STemWin522_CM4_Keil.lib(gui_selectlayer.o)
    0x20000258   0x00000008   Data   RW         2164    .data               STemWin522_CM4_Keil.lib(guicc_m888.o)
    0x20000260   0x00000004   Data   RW         2189    .data               STemWin522_CM4_Keil.lib(lcd.o)
    0x20000264   0x00000010   Data   RW         2215    .data               STemWin522_CM4_Keil.lib(lcd_color.o)
    0x20000274   0x0000003c   Data   RW         2551    .data               STemWin522_CM4_Keil.lib(button.o)
    0x200002b0   0x0000001c   Data   RW         2593    .data               STemWin522_CM4_Keil.lib(progbar.o)
    0x200002cc   0x00000058   Data   RW         2664    .data               STemWin522_CM4_Keil.lib(wm.o)
    0x20000324   0x00000001   Data   RW         2665    .data               STemWin522_CM4_Keil.lib(wm.o)
    0x20000325   0x00000003   PAD
    0x20000328   0x00000008   Data   RW         2744    .data               STemWin522_CM4_Keil.lib(gui__managecache.o)
    0x20000330   0x00000008   Data   RW         2800    .data               STemWin522_CM4_Keil.lib(gui_pid.o)
    0x20000338   0x0000000c   Data   RW         2848    .data               STemWin522_CM4_Keil.lib(gui_waitevent.o)
    0x20000344   0x00000004   Data   RW         3050    .data               STemWin522_CM4_Keil.lib(guidev_banding.o)
    0x20000348   0x00000001   Data   RW         3064    .data               STemWin522_CM4_Keil.lib(guidev_staticdevices.o)
    0x20000349   0x00000003   PAD
    0x2000034c   0x00000004   Data   RW         3120    .data               STemWin522_CM4_Keil.lib(widget.o)
    0x20000350   0x00000004   Data   RW         3160    .data               STemWin522_CM4_Keil.lib(wm__sendmessage.o)
    0x20000354   0x00000008   Data   RW         3206    .data               STemWin522_CM4_Keil.lib(wm_touch.o)
    0x2000035c   0x00000004   Data   RW         3261    .data               STemWin522_CM4_Keil.lib(gui_charline.o)
    0x20000360   0x00000020   Data   RW         3374    .data               STemWin522_CM4_Keil.lib(gui_setalpha.o)
    0x20000380   0x00000014   Data   RW         3438    .data               STemWin522_CM4_Keil.lib(gui_timer.o)
    0x20000394   0x00000014   Data   RW         3684    .data               STemWin522_CM4_Keil.lib(widget_effect_3d.o)
    0x200003a8   0x00000004   Data   RW         3897    .data               STemWin522_CM4_Keil.lib(lcd_aa.o)
    0x200003ac   0x00000004   Data   RW         4323    .data               mc_w.l(mvars.o)
    0x200003b0   0x00000004   Data   RW         4324    .data               mc_w.l(mvars.o)
    0x200003b4   0x00000018   Zero   RW          979    .bss                tm_stm32f4_delay.o
    0x200003cc   0x00000016   Zero   RW         1059    .bss                tm_stm32f4_gpio.o
    0x200003e2   0x00000002   PAD
    0x200003e4   0x0000000c   Zero   RW         1113    .bss                tm_stm32f4_emwin.o
    0x200003f0   0x00000010   Zero   RW         1259    .bss                tm_stm32f4_ili9341_ltdc.o
    0x20000400   0x00019000   Zero   RW         1377    .bss                guiconf.o
    0x20019400   0x00002d00   Zero   RW         1419    .bss                guidrv_stm32f429i_discovery.o
    0x2001c100   0x00000044   Zero   RW         1479    .bss                tm_stm32f4_dma2d_graphic.o
    0x2001c144   0x0000000c   Zero   RW         1507    .bss                tm_stm32f4_rtc.o
    0x2001c150   0x00000020   Zero   RW         1538    .bss                tm_stm32f4_usart.o
    0x2001c170   0x00000020   Zero   RW         1539    .bss                tm_stm32f4_usart.o
    0x2001c190   0x00000020   Zero   RW         1540    .bss                tm_stm32f4_usart.o
    0x2001c1b0   0x00000020   Zero   RW         1541    .bss                tm_stm32f4_usart.o
    0x2001c1d0   0x00000020   Zero   RW         1542    .bss                tm_stm32f4_usart.o
    0x2001c1f0   0x00000020   Zero   RW         1543    .bss                tm_stm32f4_usart.o
    0x2001c210   0x00000020   Zero   RW         1544    .bss                tm_stm32f4_usart.o
    0x2001c230   0x00000020   Zero   RW         1545    .bss                tm_stm32f4_usart.o
    0x2001c250   0x00000020   Zero   RW         1669    .bss                tea5767.o
    0x2001c270   0x0000002c   Zero   RW         1698    .bss                bmp180.o
    0x2001c29c   0x00000060   Zero   RW         1726    .bss                gui_screens.o
    0x2001c2fc   0x000000c8   Zero   RW         2001    .bss                STemWin522_CM4_Keil.lib(gui_alloc.o)
    0x2001c3c4   0x00000078   Zero   RW         2047    .bss                STemWin522_CM4_Keil.lib(gui_core.o)
    0x2001c43c   0x00000058   Zero   RW         2125    .bss                STemWin522_CM4_Keil.lib(gui_onkey.o)
    0x2001c494   0x0000000c   Zero   RW         2155    .bss                STemWin522_CM4_Keil.lib(gui_touch.o)
    0x2001c4a0   0x00000018   Zero   RW         2663    .bss                STemWin522_CM4_Keil.lib(wm.o)
    0x2001c4b8   0x00000048   Zero   RW         2799    .bss                STemWin522_CM4_Keil.lib(gui_pid.o)
    0x2001c500   0x00000048   Zero   RW         3205    .bss                STemWin522_CM4_Keil.lib(wm_touch.o)
    0x2001c548   0x00000028   Zero   RW         3284    .bss                STemWin522_CM4_Keil.lib(gui_curs1.o)
    0x2001c570   0x00000018   Zero   RW         3740    .bss                STemWin522_CM4_Keil.lib(wm_pid__getprevstate.o)
    0x2001c588   0x00000200   Zero   RW            2    HEAP                startup_stm32f429_439xx.o
    0x2001c788   0x00000400   Zero   RW            1    STACK               startup_stm32f429_439xx.o



  Load Region LR$$.ARM.__AT_0xD0100000 (Base: 0xd0100000, Size: 0x00000000, Max: 0x00400000, ABSOLUTE)

    Execution Region ER$$.ARM.__AT_0xD0100000 (Base: 0xd0100000, Size: 0x00400000, Max: 0x00400000, ABSOLUTE, UNINIT)

    Base Addr    Size         Type   Attr      Idx    E Section Name        Object

    0xd0100000   0x00400000   Zero   RW         1376    .ARM.__AT_0xD0100000  guiconf.o


==============================================================================

Image component sizes


      Code (inc. data)   RO Data    RW Data    ZI Data      Debug   Object Name

       600         14          0          4         44       4298   bmp180.o
      4372        710          0         26         96       9746   gui_screens.o
        72          8          0          0    4296704      48825   guiconf.o
      3056        228          8         64      11520      44238   guidrv_stm32f429i_discovery.o
       400         22          0          4          0       5543   main.o
       176         12          0          0          0     334461   misc.o
        36          8        428          0       1536       1028   startup_stm32f429_439xx.o
       692         12          0          0          0       5459   stm32f4xx_dma2d.o
       224         10          0          0          0       2735   stm32f4xx_exti.o
      1888         34         28          0          0       8982   stm32f4xx_fmc.o
       864         20          0          0          0       9507   stm32f4xx_i2c.o
        26          0          0          0          0       1452   stm32f4xx_it.o
      1132         18          0          0          0       8508   stm32f4xx_ltdc.o
       312         12          0          0          0       3959   stm32f4xx_pwr.o
      1156         48          0         16          0      13824   stm32f4xx_rcc.o
      2644         48          0          0          0      16634   stm32f4xx_rtc.o
       812         36          0          0          0       7713   stm32f4xx_spi.o
       856         32          0          0          0       8628   stm32f4xx_usart.o
       408         36          0         20          0       1963   system_stm32f4xx.o
      1072         60          0          1         32       6633   tea5767.o
       384         20          0         16         24      33366   tm_stm32f4_delay.o
       132         14          0          1          0       3882   tm_stm32f4_disco.o
      3596         28          0          0         68      13837   tm_stm32f4_dma2d_graphic.o
       232          8          0         16         12      57422   tm_stm32f4_emwin.o
         0          0       8360         16          0       1485   tm_stm32f4_fonts.o
       668         14          0          0         22       5482   tm_stm32f4_gpio.o
      1126         44          0         16          0       7164   tm_stm32f4_i2c.o
      3894         80          0          4         16      18679   tm_stm32f4_ili9341_ltdc.o
      2328         42          0         48         12       9976   tm_stm32f4_rtc.o
       528         36          0          1          0       1772   tm_stm32f4_sdram.o
      1600         78          0          0          0       7157   tm_stm32f4_spi.o
       800         14          0          0          0       6984   tm_stm32f4_stmpe811.o
      2056        104          0        128        256      14037   tm_stm32f4_usart.o

    ----------------------------------------------------------------------
     38148       1850       8856        392    4310344     725379   Object Totals
         0          0         32          0          0          0   (incl. Generated)
         6          0          0         11          2          0   (incl. Padding)

    ----------------------------------------------------------------------

      Code (inc. data)   RO Data    RW Data    ZI Data      Debug   Library Member Name

       646         16          0         60          0       1208   button.o
        40          0          0          0          0        132   button_color.o
       336          0         12          0          0        252   button_skinclassic.o
         0          0       2155          0          0          0   f13_1.o
         0          0       2046          0          0          0   f13_ascii.o
         0          0       2342          0          0          0   f13hb_ascii.o
         0          0       1816          0          0          0   f6x8.o
         0          0       3120          0          0          0   f8x16.o
       124          4          0          0          0        132   gui_2dlib.o
       866         52          0         40          0       1144   gui__alpha.o
       668          0          0          0          0        256   gui__compactpixelindices.o
         0          0         16          0          0          0   gui__divtbl_15_255.o
         0          0        256          0          0          0   gui__divtbl_255_15.o
         0          0        256          0          0          0   gui__divtbl_255_31.o
         0          0        256          0          0          0   gui__divtbl_255_63.o
         0          0         32          0          0          0   gui__divtbl_31_255.o
         0          0         64          0          0          0   gui__divtbl_63_255.o
       320          0          0          0          0        156   gui__expandpixelindices.o
        20          4          0          0          0        116   gui__getfontsizey.o
        26          0          0          0          0        128   gui__getnumchars.o
        24          0          0          0          0        116   gui__handleeoline.o
        58          0          0          0          0        116   gui__intersectrect.o
        82          0          0          0          0        128   gui__intersectrects.o
       188          8          0          8          0        248   gui__managecache.o
        76          0          0          0          0        124   gui__memset.o
        58          0          0          0          0        124   gui__memset16.o
        26          0          0          0          0        116   gui__reducerect.o
       108          0          0          0          0        136   gui__settext.o
        68          4          0          0          0        244   gui__strcmp.o
        20          0          0          0          0        116   gui__strlen.o
        26          0          0          0          0        136   gui_adddecmin.o
       196         16         40          0          0        256   gui_adddecshift.o
      1810        102          0          8        200       3124   gui_alloc.o
        36          0          0          0          0        128   gui_alloc_alloczero.o
        68          0          0          0          0        124   gui_calccolordist.o
        96         22          0          0          0        464   gui_char.o
       458         36          0          4          0        760   gui_charline.o
       394         12          0          0          0        492   gui_charm.o
       312         12          0          0          0        624   gui_charp.o
       460         78          8         64        120       1004   gui_core.o
       112          6          0          0         40        140   gui_curs1.o
       340         22          0          0          0        852   gui_device.o
       256          4          0          0          0        136   gui_dispstring.o
       400          4          0          0          0        392   gui_dispstringinrect.o
        44          0          0          0          0        136   gui_draw.o
       164          4          0          0          0        124   gui_drawfocusrect.o
        76          6          0          0          0        132   gui_drawhline.o
        64          4          0          0          0        128   gui_drawvline.o
        52          4          0          0          0        248   gui_exec.o
       160          0          0          0          0        248   gui_getbitmappixelindex.o
        10          0          0          0          0        116   gui_getclientrect.o
        28          0          0          0          0        256   gui_getcolor.o
        12          4          0          0          0        116   gui_getdrawmode.o
         4          0          0          0          0        116   gui_getfontsizey.o
        32         10          0          0          0        232   gui_getorg.o
        20          0          0          0          0        128   gui_getstringdistx.o
        52         12          0          0          0        360   gui_goto.o
        88          0          0          0          0        124   gui_mergerect.o
        30          0          0          0          0        116   gui_moverect.o
        44          6          0         44          0        116   gui_multibuf.o
       110         20          0         12         88        592   gui_onkey.o
        16          4          0          0          0        116   gui_pen.o
       256         36          0          8         72        732   gui_pid.o
        78          0          0          0          0        128   gui_realloc.o
        56          0          0          0          0        116   gui_rectsintersect.o
        32         10          0          0          0        232   gui_savecontext.o
        82         12          0          8          0        488   gui_selectlayer.o
        18          0          0          0          0        128   gui_selectlcd.o
        36          4          0         32          0        124   gui_setalpha.o
         8          0          0          0          0        232   gui_setcolor.o
        64          6          0          0          0        128   gui_setdefault.o
         4          0          0          0          0        116   gui_setdrawmode.o
        20          6          0          0          0        116   gui_setfont.o
        16          4          0          0          0        116   gui_setlinestyle.o
        56         18          0          0          0        128   gui_setorg.o
        20          6          0          0          0        116   gui_settextalign.o
        20          6          0          0          0        116   gui_settextmode.o
      1172          4          0          0          0        936   gui_sprite.o
       332         16          0         20          0        772   gui_timer.o
        40          4          0          0         12        132   gui_touch.o
        84         10          0          0          0        264   gui_uc.o
        18          0         16          0          0        464   gui_uc_encodenone.o
        16          4          0         12          0        116   gui_waitevent.o
       198          0         24          0          0        388   guicc_0.o
       172          0         24          0          0        376   guicc_16.o
       228         36         24          0          0        636   guicc_1616i.o
       186          0         24          0          0        356   guicc_8666.o
       202         18         24          0          0        636   guicc_88666i.o
        36          0         24          0          0        480   guicc_8888.o
         2          0          0          0          0        116   guicc_8888_index2color.o
         2          0          0          0          0        116   guicc_888_index2color.o
       306         32         24          8          0        768   guicc_m1555i.o
       304         20         24          8          0        768   guicc_m4444i.o
       226         40         24          8          0        644   guicc_m565.o
        44         10          0          0          0        124   guicc_m565_index2color.o
       142         16         24          8          0        636   guicc_m888.o
       218         12         24          8          0        768   guicc_m8888i.o
        20          0          0          0          0        116   guicc_m888_index2color.o
       760         38          0          0          0       1060   guidev.o
      2268         60        116          0          0       2092   guidev_16.o
      2320         62        116          0          0       2244   guidev_32.o
       300         10          0          4          0        260   guidev_banding.o
        60          6          0          0          0        124   guidev_clear.o
        22          0          0          0          0        128   guidev_getdataptr.o
        40          6          0          0          0        128   guidev_getysize.o
        44          4          0          0          0        128   guidev_reduceysize.o
        88          4          0          0          0        128   guidev_setorg.o
       308         12          0          1          0        272   guidev_staticdevices.o
        76          0          0          0          0        260   guidev_usage.o
       452          6         24          0          0        748   guidev_usagebm.o
       106          4          0          0          0        244   guidev_write.o
       280         14          0          0          0        144   guidev_writetoactivealpha.o
      1698         18          8          0          0        576   guidev_writetoactiveopaque.o
      2972        180         52          0          0       4456   guidrv_lin_16.o
      1734        118         12          4          0       2292   lcd.o
        16          6          0          4          0        116   lcd_aa.o
       264         26          0         16          0        744   lcd_color.o
        32         12          0          0          0        232   lcd_getcolorindex.o
       426         38          0          0          0       2716   lcd_getex.o
        26          0          0          0          0        128   lcd_getnumdisplays.o
         0          0        256          0          0          0   lcd_mirror.o
       504         18          0          0          0        276   lcd_readrect.o
        68         10          0          0          0        128   lcd_selectlcd.o
       304          0          0          0          0        920   lcd_set.o
        48         10          0          0          0        128   lcd_setcliprectex.o
        36          4          0          0          0        128   lcd_updatecolorindices.o
       866         12          0         28          0       1040   progbar.o
        30          0          0          0          0        128   progbar_setfont.o
       164          0          0          0          0        136   progbar_settext.o
       326          0         12          0          0        392   progbar_skinclassic.o
       606          4          0          4          0       1152   widget.o
       284          8         28         20          0        532   widget_effect_3d.o
        10          0         28          0          0        580   widget_effect_none.o
        22          0          0          0          0        124   widget_seteffect.o
      4588        226          0         89         24       6680   wm.o
        44          0          0          0          0        128   wm__foreachdesc.o
        18          0          0          0          0        124   wm__getfirstsibling.o
        36          0          0          0          0        128   wm__getprevsibling.o
        34          0          0          0          0        128   wm__isancestor.o
        22          0          0          0          0        124   wm__isenabled.o
        20          0          0          0          0        116   wm__screen2client.o
        60          6          0          4          0        136   wm__sendmessage.o
        28          0          0          0          0        140   wm__sendmessageifenabled.o
        38          0          0          0          0        128   wm__sendmessagenopara.o
       220          0          0          0          0        144   wm__updatechildpositions.o
       126          0          0          0          0        140   wm_bringtobottom.o
       120          6          0          0          0        360   wm_bringtotop.o
        60         12          0          0          0        232   wm_criticalhandle.o
         4          0          0          0          0        116   wm_foreachdesc.o
        64         10          0          0          0        360   wm_getclientrect.o
        24         10          0          0          0        116   wm_getdesktopwindow.o
        20          4          0          0          0        116   wm_getdesktopwindowex.o
        14          0          0          0          0        124   wm_getfirstchild.o
        14          0          0          0          0        124   wm_getparent.o
         4          0          0          0          0        116   wm_iswindow.o
       266          0          0          0          0        396   wm_move.o
        16          0          0          0          0        124   wm_notifyparent.o
        56          8          0          0          0        132   wm_onkey.o
        28          4          0          0         24        116   wm_pid__getprevstate.o
       238          0          0          0          0        136   wm_resizewindow.o
       184          6          0          0          0        504   wm_screen2win.o
         4          0          0          0          0        116   wm_sendmessagenopara.o
        30          0          0          0          0        140   wm_sendtoparent.o
        48          8          0          0          0        244   wm_setcapture.o
       156          8          0          0          0        136   wm_setfocus.o
        62          0          0          0          0        132   wm_setsize.o
        24          6          0          0          0        124   wm_setusercliprect.o
       106          0          0          0          0        260   wm_timer.o
      1056         38          0          8         72        532   wm_touch.o
       280         28          0          0          0        156   floor.o
        86          0          0          0          0          0   __dczerorl2.o
         0          0          0          0          0          0   entry.o
         0          0          0          0          0          0   entry10a.o
         0          0          0          0          0          0   entry11a.o
         8          4          0          0          0          0   entry2.o
         4          0          0          0          0          0   entry5.o
         0          0          0          0          0          0   entry7b.o
         0          0          0          0          0          0   entry8b.o
         8          4          0          0          0          0   entry9a.o
        30          0          0          0          0          0   handlers.o
        36          8          0          0          0         68   init.o
         0          0          0          0          0          0   iusefp.o
        30          0          0          0          0         68   llshl.o
        36          0          0          0          0         68   llsshr.o
        32          0          0          0          0         68   llushr.o
       188         20          0          0          0        160   malloc.o
        26          0          0          0          0         80   memcmp.o
        64          0          0          0          0         76   memmovea.o
        36          0          0          0          0        108   memseta.o
         0          0          0          8          0          0   mvars.o
      2244         86          0          0          0        512   printfa.o
        18          0          0          0          0         68   strcpy.o
        44          0          0          0          0         80   uidiv.o
        98          0          0          0          0         92   uldiv.o
        48          0          0          0          0         68   cdrcmple.o
        56          0          0          0          0         88   d2f.o
       334          0          0          0          0        148   dadd.o
       222          0          0          0          0        100   ddiv.o
       186          0          0          0          0        176   depilogue.o
        62          0          0          0          0         80   dfixi.o
        50          0          0          0          0         76   dfixui.o
        48          0          0          0          0         68   dfixul.o
        34          0          0          0          0         76   dflti.o
        26          0          0          0          0         76   dfltui.o
       228          0          0          0          0         96   dmul.o
        38          0          0          0          0         68   f2d.o
       110          0          0          0          0        168   fepilogue.o

    ----------------------------------------------------------------------
     44652       2002      13356        556        652      70304   Library Totals
       112          4          5          6          0          0   (incl. Padding)

    ----------------------------------------------------------------------

      Code (inc. data)   RO Data    RW Data    ZI Data      Debug   Library Name

     39830       1848      13351        542        652      67412   STemWin522_CM4_Keil.lib
       280         28          0          0          0        156   m_wm.l
      2988        122          0          8          0       1448   mc_w.l
      1442          0          0          0          0       1288   mf_w.l

    ----------------------------------------------------------------------
     44652       2002      13356        556        652      70304   Library Totals

    ----------------------------------------------------------------------

==============================================================================


      Code (inc. data)   RO Data    RW Data    ZI Data      Debug   

     82800       3852      22212        948    4310996     731811   Grand Totals
     82800       3852      22212        236    4310996     731811   ELF Image Totals (compressed)
     82800       3852      22212        236          0          0   ROM Totals

==============================================================================

    Total RO  Size (Code + RO Data)               105012 ( 102.55kB)
    Total RW  Size (RW Data + ZI Data)           4311944 (4210.88kB)
    Total ROM Size (Code + RO Data + RW Data)     105248 ( 102.78kB)

==============================================================================

